[2m  üß†  The[0m[2m user[0m[2m wants[0m[2m a[0m[2m status[0m[2m update[0m[2m on[0m[2m Solid[0m[2m State[0m[2m Batteries[0m[2m ([0m[2mSS[0m[2mB[0m[2m)[0m[2m for[0m[2m late[0m[2m [0m[2m202[0m[2m4[0m[2m/[0m[2m202[0m[2m5[0m[2m.[0m[2m They[0m[2m want[0m[2m to[0m[2m know[0m[2m:
     [0m[2m1[0m[2m.[0m[2m When[0m[2m they're[0m[2m hitting[0m[2m the[0m[2m market[0m[2m in[0m[2m cars[0m[2m
     [0m[2m2[0m[2m.[0m[2m Big[0m[2m companies[0m[2m involved[0m[2m
     [0m[2m3[0m[2m.[0m[2m Main[0m[2m technical[0m[2m problems[0m[2m still[0m[2m being[0m[2m solved[0m[2m
     
     [0m[2mI[0m[2m should[0m[2m search[0m[2m for[0m[2m recent[0m[2m information[0m[2m about[0m[2m solid[0m[2m state[0m[2m batteries[0m[2m,[0m[2m then[0m[2m save[0m[2m it[0m[2m as[0m[2m a[0m[2m markdown[0m[2m file[0m[2m.[0m[2m Let[0m[2m me[0m[2m start[0m[2m by[0m[2m searching[0m[2m for[0m[2m current[0m[2m information[0m[2m.[0m[2m
  üß†  I'll[0m[2m search[0m[2m for[0m[2m the[0m[2m latest[0m[2m information[0m[2m on[0m[2m Solid[0m[2m State[0m[2m Batteries[0m[2m for[0m[2m late[0m[2m [0m[2m202[0m[2m4[0m[2m/[0m[2m202[0m[2m5[0m[2m and[0m[2m compile[0m[2m a[0m[2m comprehensive[0m[2m report[0m[2m.[0m[2m [0m[2m [0m[2m [0m[2m{"query":"solid state battery companies manufacturers Toyota QuantumScape Samsung CATL 2024 2025"}[0m[2m{"query":"solid state battery technical challenges dendrites manufacturing cost 2024"}[0m[2m
  üß∞  functions.search_internet:2 | search_internetsearch_internetsearch_internet {"query":"solid state battery market launch 2024 2025 electric vehicles cars commercial release"}{"query":"solid state battery companies manufacturers Toyota QuantumScape Samsung CATL 2024 2025"}{"query":"solid state battery technical challenges dendrites manufacturing cost 2024"}[0m[2m
  üî†  functions.search_internet:2 | Return Unknown tool name: 'search_internetsearch_internetsearch_internet'. Available tools: 'run_shell_command', 'list_files', 'glob_files', 'read_file', 'read_files', 'write_file', 'write_files', 'replace_in_file', 'search_files', 'analyze_file', 'analyze_code', 'search_internet', 'open_web_page', 'read_long_term_note', 'write_long_term_note', 'read_contextual_note', 'write_contextual_note', 'list_zrb_tasks', 'run_zrb_task', 'activate_skill'[0m[32m260201 20:39:15.551 1/3   üê∂ chat-process ‚¨§ [0m [1;31m[ERROR] Attempt 1/3 failed: status_code: 400, model_name: kimi-k2.5:cloud, body: {'message': 'invalid tool call arguments', 'type': 'invalid_request_error', 'param': None, 'code': None}[0m
[2m  üß†  The[0m[2m user[0m[2m wants[0m[2m a[0m[2m status[0m[2m update[0m[2m on[0m[2m Solid[0m[2m State[0m[2m Batteries[0m[2m ([0m[2mSS[0m[2mBs[0m[2m)[0m[2m for[0m[2m late[0m[2m [0m[2m202[0m[2m4[0m[2m/[0m[2m202[0m[2m5[0m[2m.[0m[2m They[0m[2m want[0m[2m to[0m[2m know[0m[2m:
     [0m[2m1[0m[2m.[0m[2m When[0m[2m they're[0m[2m hitting[0m[2m the[0m[2m market[0m[2m ([0m[2mcars[0m[2m)
     [0m[2m2[0m[2m.[0m[2m Big[0m[2m companies[0m[2m involved[0m[2m
     [0m[2m3[0m[2m.[0m[2m Main[0m[2m technical[0m[2m problems[0m[2m still[0m[2m being[0m[2m solved[0m[2m
     
     [0m[2mI[0m[2m need[0m[2m to[0m[2m:
     [0m[2m1[0m[2m.[0m[2m Search[0m[2m for[0m[2m current[0m[2m information[0m[2m on[0m[2m solid[0m[2m state[0m[2m batteries[0m[2m
     [0m[2m2[0m[2m.[0m[2m Find[0m[2m information[0m[2m about[0m[2m market[0m[2m timelines[0m[2m,[0m[2m companies[0m[2m involved[0m[2m,[0m[2m and[0m[2m technical[0m[2m challenges[0m[2m
     [0m[2m3[0m[2m.[0m[2m Save[0m[2m the[0m[2m report[0m[2m as[0m[2m `[0m[2msolid[0m[2m_state[0m[2m_battery[0m[2m_report[0m[2m.md[0m[2m`
     
     [0m[2mLet[0m[2m me[0m[2m start[0m[2m by[0m[2m searching[0m[2m for[0m[2m recent[0m[2m information[0m[2m on[0m[2m solid[0m[2m state[0m[2m batteries[0m[2m.[0m[2m
  üß†  I'll[0m[2m research[0m[2m the[0m[2m current[0m[2m status[0m[2m of[0m[2m Solid[0m[2m State[0m[2m Batteries[0m[2m for[0m[2m late[0m[2m [0m[2m202[0m[2m4[0m[2m/[0m[2m202[0m[2m5[0m[2m and[0m[2m compile[0m[2m a[0m[2m comprehensive[0m[2m report[0m[2m for[0m[2m you[0m[2m.[0m[2m [0m[2m [0m[2m [0m[2m{"query":"solid state battery companies Toyota Samsung QuantumScape 2024 2025"}[0m[2m{"query":"solid state battery technical challenges dendrites manufacturing cost 2024"}[0m[2m
  üß∞  functions.search_internet:2 | search_internetsearch_internetsearch_internet {"query":"solid state battery 2024 2025 commercialization timeline electric vehicles market"}{"query":"solid state battery companies Toyota Samsung QuantumScape 2024 2025"}{"query":"solid state battery technical challenges dendrites manufacturing cost 2024"}[0m[2m
  üî†  functions.search_internet:2 | Return Unknown tool name: 'search_internetsearch_internetsearch_internet'. Available tools: 'run_shell_command', 'list_files', 'glob_files', 'read_file', 'read_files', 'write_file', 'write_files', 'replace_in_file', 'search_files', 'analyze_file', 'analyze_code', 'search_internet', 'open_web_page', 'read_long_term_note', 'write_long_term_note', 'read_contextual_note', 'write_contextual_note', 'list_zrb_tasks', 'run_zrb_task', 'activate_skill'[0m[32m260201 20:39:20.465 2/3   üê∂ chat-process ‚¨§ [0m [1;31m[ERROR] Attempt 2/3 failed: status_code: 400, model_name: kimi-k2.5:cloud, body: {'message': 'invalid tool call arguments', 'type': 'invalid_request_error', 'param': None, 'code': None}[0m
[2m  üß†  The[0m[2m user[0m[2m wants[0m[2m a[0m[2m comprehensive[0m[2m status[0m[2m update[0m[2m on[0m[2m Solid[0m[2m State[0m[2m Batteries[0m[2m ([0m[2mSS[0m[2mBs[0m[2m)[0m[2m for[0m[2m late[0m[2m [0m[2m202[0m[2m4[0m[2m/[0m[2m202[0m[2m5[0m[2m.[0m[2m They[0m[2m want[0m[2m to[0m[2m know[0m[2m:
     [0m[2m1[0m[2m.[0m[2m Market[0m[2m release[0m[2m timeline[0m[2m for[0m[2m cars[0m[2m
     [0m[2m2[0m[2m.[0m[2m Major[0m[2m companies[0m[2m involved[0m[2m
     [0m[2m3[0m[2m.[0m[2m Rem[0m[2maining[0m[2m technical[0m[2m challenges[0m[2m
     
     [0m[2mI[0m[2m need[0m[2m to[0m[2m search[0m[2m for[0m[2m current[0m[2m information[0m[2m on[0m[2m this[0m[2m topic[0m[2m.[0m[2m Let[0m[2m me[0m[2m start[0m[2m by[0m[2m searching[0m[2m for[0m[2m the[0m[2m latest[0m[2m developments[0m[2m in[0m[2m solid[0m[2m state[0m[2m batteries[0m[2m.[0m[2m
  üß†  [0m[2m [0m[2m [0m[2m{"query":"solid state battery companies Toyota QuantumScape Samsung CATL 2024 2025"}[0m[2m{"query":"solid state battery technical challenges dendrites manufacturing scalability 2024"}[0m[2m
  üß∞  functions.search_internet:2 | search_internetsearch_internetsearch_internet {"query":"solid state batteries market release 2024 2025 electric cars commercial production"}{"query":"solid state battery companies Toyota QuantumScape Samsung CATL 2024 2025"}{"query":"solid state battery technical challenges dendrites manufacturing scalability 2024"}[0m[2m
  üî†  functions.search_internet:2 | Return Unknown tool name: 'search_internetsearch_internetsearch_internet'. Available tools: 'run_shell_command', 'list_files', 'glob_files', 'read_file', 'read_files', 'write_file', 'write_files', 'replace_in_file', 'search_files', 'analyze_file', 'analyze_code', 'search_internet', 'open_web_page', 'read_long_term_note', 'write_long_term_note', 'read_contextual_note', 'write_contextual_note', 'list_zrb_tasks', 'run_zrb_task', 'activate_skill'[0m[32m260201 20:39:25.121 3/3   üê∂ chat-process ‚¨§ [0m [1;31m[ERROR] Attempt 3/3 failed: status_code: 400, model_name: kimi-k2.5:cloud, body: {'message': 'invalid tool call arguments', 'type': 'invalid_request_error', 'param': None, 'code': None}[0m
[32m260201 20:39:25.121 3/3   üê∂ chat-process ‚¨§ [0m [1;31m[ERROR] Marked as permanently failed[0m
[32m260201 20:39:25.125 1/1   üê∂ chat ‚¨§ [0m [1;31m[ERROR] Attempt 1/1 failed: status_code: 400, model_name: kimi-k2.5:cloud, body: {'message': 'invalid tool call arguments', 'type': 'invalid_request_error', 'param': None, 'code': None}[0m
[32m260201 20:39:25.125 1/1   üê∂ chat ‚¨§ [0m [1;31m[ERROR] Marked as permanently failed[0m
[2mTo run again:[0m [1;33mzrb chat --message "Give me a status update on Solid State Batteries for late 2024/2025. 

I need to know:
1. When are they actually hitting the market (cars)?
2. Who are the big companies involved?
3. What are the main technical problems they are still trying to solve?

Save it as `solid_state_battery_report.md`." --model ollama:kimi-k2.5:cloud --session "" --yolo true --attach "" --interactive false[0m
Traceback (most recent call last):
  File "/Users/gofrendigunawan/zrb/.venv/lib/python3.13/site-packages/pydantic_ai/models/openai.py", line 688, in _completions_create
    return await self.client.chat.completions.create(
           ^^^^^^^^^^^^^^^^^^^^^^^^^^^^^^^^^^^^^^^^^^
    ...<28 lines>...
    )
    ^
  File "/Users/gofrendigunawan/zrb/.venv/lib/python3.13/site-packages/openai/resources/chat/completions/completions.py", line 2678, in create
    return await self._post(
           ^^^^^^^^^^^^^^^^^
    ...<49 lines>...
    )
    ^
  File "/Users/gofrendigunawan/zrb/.venv/lib/python3.13/site-packages/openai/_base_client.py", line 1794, in post
    return await self.request(cast_to, opts, stream=stream, stream_cls=stream_cls)
           ^^^^^^^^^^^^^^^^^^^^^^^^^^^^^^^^^^^^^^^^^^^^^^^^^^^^^^^^^^^^^^^^^^^^^^^
  File "/Users/gofrendigunawan/zrb/.venv/lib/python3.13/site-packages/openai/_base_client.py", line 1594, in request
    raise self._make_status_error_from_response(err.response) from None
openai.BadRequestError: Error code: 400 - {'error': {'message': 'invalid tool call arguments', 'type': 'invalid_request_error', 'param': None, 'code': None}}

The above exception was the direct cause of the following exception:

Traceback (most recent call last):
  File "/Users/gofrendigunawan/zrb/.venv/bin/zrb", line 6, in <module>
    sys.exit(serve_cli())
             ~~~~~~~~~^^
  File "/Users/gofrendigunawan/zrb/src/zrb/__main__.py", line 68, in serve_cli
    raise e
  File "/Users/gofrendigunawan/zrb/src/zrb/__main__.py", line 61, in serve_cli
    cli.run(sys.argv[1:])
    ~~~~~~~^^^^^^^^^^^^^^
  File "/Users/gofrendigunawan/zrb/src/zrb/runner/cli.py", line 54, in run
    result = self._run_task(node, str_args, task_str_kwargs)
  File "/Users/gofrendigunawan/zrb/src/zrb/runner/cli.py", line 89, in _run_task
    return task.run(
           ~~~~~~~~^
        Session(shared_ctx=shared_ctx, root_group=self), str_kwargs=run_kwargs
        ^^^^^^^^^^^^^^^^^^^^^^^^^^^^^^^^^^^^^^^^^^^^^^^^^^^^^^^^^^^^^^^^^^^^^^
    )
    ^
  File "/Users/gofrendigunawan/zrb/src/zrb/task/base_task.py", line 229, in run
    return asyncio.run(
           ~~~~~~~~~~~^
        run_and_cleanup(
        ^^^^^^^^^^^^^^^^
    ...<5 lines>...
        )
        ^
    )
    ^
  File "/Users/gofrendigunawan/.pyenv/versions/3.13.0/lib/python3.13/asyncio/runners.py", line 194, in run
    return runner.run(main)
           ~~~~~~~~~~^^^^^^
  File "/Users/gofrendigunawan/.pyenv/versions/3.13.0/lib/python3.13/asyncio/runners.py", line 118, in run
    return self._loop.run_until_complete(task)
           ~~~~~~~~~~~~~~~~~~~~~~~~~~~~~^^^^^^
  File "/Users/gofrendigunawan/.pyenv/versions/3.13.0/lib/python3.13/asyncio/base_events.py", line 721, in run_until_complete
    return future.result()
           ~~~~~~~~~~~~~^^
  File "/Users/gofrendigunawan/zrb/src/zrb/task/base/lifecycle.py", line 34, in run_and_cleanup
    result = await main_task_coro
             ^^^^^^^^^^^^^^^^^^^^
  File "/Users/gofrendigunawan/zrb/src/zrb/task/base/lifecycle.py", line 91, in run_task_async
    result = await task.exec_root_tasks(session)
             ^^^^^^^^^^^^^^^^^^^^^^^^^^^^^^^^^^^
  File "/Users/gofrendigunawan/zrb/src/zrb/task/base_task.py", line 254, in exec_root_tasks
    return await execute_root_tasks(self, session)
           ^^^^^^^^^^^^^^^^^^^^^^^^^^^^^^^^^^^^^^^
  File "/Users/gofrendigunawan/zrb/src/zrb/task/base/lifecycle.py", line 129, in execute_root_tasks
    await asyncio.gather(*root_task_coros)
  File "/Users/gofrendigunawan/zrb/src/zrb/util/run.py", line 19, in run_async
    return await value
           ^^^^^^^^^^^
  File "/Users/gofrendigunawan/zrb/src/zrb/task/base_task.py", line 257, in exec_chain
    return await execute_task_chain(self, session)
           ^^^^^^^^^^^^^^^^^^^^^^^^^^^^^^^^^^^^^^^
  File "/Users/gofrendigunawan/zrb/src/zrb/task/base/execution.py", line 20, in execute_task_chain
    result = await execute_task_action(task, session)
             ^^^^^^^^^^^^^^^^^^^^^^^^^^^^^^^^^^^^^^^^
  File "/Users/gofrendigunawan/zrb/src/zrb/task/base/execution.py", line 52, in execute_task_action
    return await run_async(execute_action_until_ready(task, session))
           ^^^^^^^^^^^^^^^^^^^^^^^^^^^^^^^^^^^^^^^^^^^^^^^^^^^^^^^^^^
  File "/Users/gofrendigunawan/zrb/src/zrb/util/run.py", line 19, in run_async
    return await value
           ^^^^^^^^^^^
  File "/Users/gofrendigunawan/zrb/src/zrb/task/base/execution.py", line 84, in execute_action_until_ready
    result = await run_async(execute_action_with_retry(task, session))
             ^^^^^^^^^^^^^^^^^^^^^^^^^^^^^^^^^^^^^^^^^^^^^^^^^^^^^^^^^
  File "/Users/gofrendigunawan/zrb/src/zrb/util/run.py", line 19, in run_async
    return await value
           ^^^^^^^^^^^
  File "/Users/gofrendigunawan/zrb/src/zrb/task/base/execution.py", line 213, in execute_action_with_retry
    raise e  # Re-raise the exception after handling fallbacks
    ^^^^^^^
  File "/Users/gofrendigunawan/zrb/src/zrb/task/base/execution.py", line 177, in execute_action_with_retry
    result = await run_async(task._exec_action(ctx))
             ^^^^^^^^^^^^^^^^^^^^^^^^^^^^^^^^^^^^^^^
  File "/Users/gofrendigunawan/zrb/src/zrb/util/run.py", line 19, in run_async
    return await value
           ^^^^^^^^^^^
  File "/Users/gofrendigunawan/zrb/src/zrb/llm/task/llm_chat_task.py", line 360, in _exec_action
    return await self._run_non_interactive_session(
           ^^^^^^^^^^^^^^^^^^^^^^^^^^^^^^^^^^^^^^^^
    ...<6 lines>...
    )
    ^
  File "/Users/gofrendigunawan/zrb/src/zrb/llm/task/llm_chat_task.py", line 558, in _run_non_interactive_session
    return await llm_task_core.async_run(session)
           ^^^^^^^^^^^^^^^^^^^^^^^^^^^^^^^^^^^^^^
  File "/Users/gofrendigunawan/zrb/src/zrb/task/base_task.py", line 245, in async_run
    return await run_task_async(
           ^^^^^^^^^^^^^^^^^^^^^
    ...<5 lines>...
    )
    ^
  File "/Users/gofrendigunawan/zrb/src/zrb/task/base/lifecycle.py", line 91, in run_task_async
    result = await task.exec_root_tasks(session)
             ^^^^^^^^^^^^^^^^^^^^^^^^^^^^^^^^^^^
  File "/Users/gofrendigunawan/zrb/src/zrb/task/base_task.py", line 254, in exec_root_tasks
    return await execute_root_tasks(self, session)
           ^^^^^^^^^^^^^^^^^^^^^^^^^^^^^^^^^^^^^^^
  File "/Users/gofrendigunawan/zrb/src/zrb/task/base/lifecycle.py", line 129, in execute_root_tasks
    await asyncio.gather(*root_task_coros)
  File "/Users/gofrendigunawan/zrb/src/zrb/util/run.py", line 19, in run_async
    return await value
           ^^^^^^^^^^^
  File "/Users/gofrendigunawan/zrb/src/zrb/task/base_task.py", line 257, in exec_chain
    return await execute_task_chain(self, session)
           ^^^^^^^^^^^^^^^^^^^^^^^^^^^^^^^^^^^^^^^
  File "/Users/gofrendigunawan/zrb/src/zrb/task/base/execution.py", line 20, in execute_task_chain
    result = await execute_task_action(task, session)
             ^^^^^^^^^^^^^^^^^^^^^^^^^^^^^^^^^^^^^^^^
  File "/Users/gofrendigunawan/zrb/src/zrb/task/base/execution.py", line 52, in execute_task_action
    return await run_async(execute_action_until_ready(task, session))
           ^^^^^^^^^^^^^^^^^^^^^^^^^^^^^^^^^^^^^^^^^^^^^^^^^^^^^^^^^^
  File "/Users/gofrendigunawan/zrb/src/zrb/util/run.py", line 19, in run_async
    return await value
           ^^^^^^^^^^^
  File "/Users/gofrendigunawan/zrb/src/zrb/task/base/execution.py", line 84, in execute_action_until_ready
    result = await run_async(execute_action_with_retry(task, session))
             ^^^^^^^^^^^^^^^^^^^^^^^^^^^^^^^^^^^^^^^^^^^^^^^^^^^^^^^^^
  File "/Users/gofrendigunawan/zrb/src/zrb/util/run.py", line 19, in run_async
    return await value
           ^^^^^^^^^^^
  File "/Users/gofrendigunawan/zrb/src/zrb/task/base/execution.py", line 213, in execute_action_with_retry
    raise e  # Re-raise the exception after handling fallbacks
    ^^^^^^^
  File "/Users/gofrendigunawan/zrb/src/zrb/task/base/execution.py", line 177, in execute_action_with_retry
    result = await run_async(task._exec_action(ctx))
             ^^^^^^^^^^^^^^^^^^^^^^^^^^^^^^^^^^^^^^^
  File "/Users/gofrendigunawan/zrb/src/zrb/util/run.py", line 19, in run_async
    return await value
           ^^^^^^^^^^^
  File "/Users/gofrendigunawan/zrb/src/zrb/llm/task/llm_task.py", line 229, in _exec_action
    output, new_history = await run_agent(
                          ^^^^^^^^^^^^^^^^
    ...<9 lines>...
    )
    ^
  File "/Users/gofrendigunawan/zrb/src/zrb/llm/agent/run_agent.py", line 109, in run_agent
    async for event in agent.run_stream_events(
    ...<11 lines>...
            await effective_event_handler(event)
  File "/Users/gofrendigunawan/zrb/.venv/lib/python3.13/site-packages/pydantic_ai/agent/abstract.py", line 973, in _run_stream_events
    result = await task
             ^^^^^^^^^^
  File "/Users/gofrendigunawan/zrb/.venv/lib/python3.13/site-packages/pydantic_ai/agent/abstract.py", line 948, in run_agent
    return await self.run(
           ^^^^^^^^^^^^^^^
    ...<15 lines>...
    )
    ^
  File "/Users/gofrendigunawan/zrb/.venv/lib/python3.13/site-packages/pydantic_ai/agent/abstract.py", line 277, in run
    async with node.stream(agent_run.ctx) as stream:
               ~~~~~~~~~~~^^^^^^^^^^^^^^^
  File "/Users/gofrendigunawan/.pyenv/versions/3.13.0/lib/python3.13/contextlib.py", line 214, in __aenter__
    return await anext(self.gen)
           ^^^^^^^^^^^^^^^^^^^^^
  File "/Users/gofrendigunawan/zrb/.venv/lib/python3.13/site-packages/pydantic_ai/_agent_graph.py", line 467, in stream
    async with ctx.deps.model.request_stream(
               ~~~~~~~~~~~~~~~~~~~~~~~~~~~~~^
        message_history, model_settings, model_request_parameters, run_context
        ^^^^^^^^^^^^^^^^^^^^^^^^^^^^^^^^^^^^^^^^^^^^^^^^^^^^^^^^^^^^^^^^^^^^^^
    ) as streamed_response:
    ^
  File "/Users/gofrendigunawan/.pyenv/versions/3.13.0/lib/python3.13/contextlib.py", line 214, in __aenter__
    return await anext(self.gen)
           ^^^^^^^^^^^^^^^^^^^^^
  File "/Users/gofrendigunawan/zrb/.venv/lib/python3.13/site-packages/pydantic_ai/models/openai.py", line 629, in request_stream
    response = await self._completions_create(messages, True, model_settings_cast, model_request_parameters)
               ^^^^^^^^^^^^^^^^^^^^^^^^^^^^^^^^^^^^^^^^^^^^^^^^^^^^^^^^^^^^^^^^^^^^^^^^^^^^^^^^^^^^^^^^^^^^^
  File "/Users/gofrendigunawan/zrb/.venv/lib/python3.13/site-packages/pydantic_ai/models/openai.py", line 722, in _completions_create
    raise ModelHTTPError(status_code=status_code, model_name=self.model_name, body=e.body) from e
pydantic_ai.exceptions.ModelHTTPError: status_code: 400, model_name: kimi-k2.5:cloud, body: {'message': 'invalid tool call arguments', 'type': 'invalid_request_error', 'param': None, 'code': None}
