[2m
  üß† The u[0m[2mse[0m[2mr wants[0m[2m a stat[0m[2mus[0m[2m update[0m[2m on So[0m[2mlid State[0m[2m Ba[0m[2mtt[0m[2mer[0m[2mi[0m[2mes ([0m[2mSSBs)[0m[2m for[0m[2m l[0m[2mate[0m[2m 2[0m[2m024/2[0m[2m025.[0m[2m They need[0m[2m specific in[0m[2mformat[0m[2mio[0m[2mn[0m[2m about:[0m[2m
     1. Market ava[0m[2mil[0m[2mabil[0m[2mit[0m[2my[0m[2m (cars)[0m[2m
     2. Major[0m[2m companies[0m[2m i[0m[2mn[0m[2mvolv[0m[2med
     3.[0m[2m Remaining[0m[2m technical c[0m[2mha[0m[2mllen[0m[2mges[0m[2m
     
     This is a[0m[2m rese[0m[2march[0m[2m task that[0m[2m r[0m[2me[0m[2mquires:
     -[0m[2m Sear[0m[2mching f[0m[2mor recent in[0m[2mformat[0m[2mio[0m[2mn[0m[2m about SSB de[0m[2mv[0m[2me[0m[2mlopment[0m[2m
     - Finding[0m[2m specifi[0m[2mc deta[0m[2mils abo[0m[2mut market[0m[2m t[0m[2mimelines,[0m[2m c[0m[2mompa[0m[2mnies, and[0m[2m technica[0m[2ml[0m[2m hurdl[0m[2mes
     -[0m[2m Compi[0m[2mling[0m[2m th[0m[2mis in[0m[2mt[0m[2mo a well-s[0m[2mtructur[0m[2me[0m[2md[0m[2m report[0m[2m
     -[0m[2m Sav[0m[2min[0m[2mg it[0m[2m to[0m[2m a f[0m[2mile[0m[2m
     
     Thi[0m[2ms[0m[2m is a[0m[2m DEEP[0m[2m PA[0m[2mTH[0m[2m task[0m[2m -[0m[2m I n[0m[2meed to do comp[0m[2mrehensive[0m[2m re[0m[2msearch.[0m[2m I[0m[2m s[0m[2mhould:[0m[2m
     1. S[0m[2mearch f[0m[2mor recent dev[0m[2melo[0m[2mpments[0m[2m in so[0m[2mlid state[0m[2m b[0m[2ma[0m[2mt[0m[2mterie[0m[2ms
     2. Open[0m[2m relevant[0m[2m ar[0m[2mticl[0m[2mes to get[0m[2m detailed in[0m[2mf[0m[2mo[0m[2mr[0m[2mmation
     3[0m[2m. Compile[0m[2m find[0m[2min[0m[2mgs into a s[0m[2mtructur[0m[2med[0m[2m re[0m[2mpor[0m[2mt
     
     Let[0m[2m me[0m[2m start by[0m[2m sear[0m[2mching fo[0m[2mr curre[0m[2mnt[0m[2m status[0m[2m of so[0m[2mlid state[0m[2m b[0m[2matteries.[0m[2m
  üß† <t[0m[2mhin[0m[2mking>[0m[2m
     The u[0m[2mse[0m[2mr needs a comp[0m[2mrehensi[0m[2mve stat[0m[2mus[0m[2m update[0m[2m on So[0m[2mlid State[0m[2m Ba[0m[2mtt[0m[2me[0m[2mr[0m[2mies[0m[2m (SSB)[0m[2m for[0m[2m l[0m[2mate[0m[2m 2[0m[2m024/2[0m[2m025[0m[2m.[0m[2m This is a[0m[2m rese[0m[2march[0m[2m task that[0m[2m require[0m[2ms current in[0m[2mforma[0m[2mtion[0m[2m fro[0m[2mm[0m[2m the[0m[2m web.[0m[2m I'l[0m[2ml n[0m[2me[0m[2me[0m[2md to:[0m[2m
     
     1. S[0m[2mearch f[0m[2mor recent dev[0m[2melo[0m[2mpm[0m[2men[0m[2mts in S[0m[2mSB market ava[0m[2milab[0m[2mility[0m[2m f[0m[2mo[0m[2mr car[0m[2ms
     2. F[0m[2mind major[0m[2m companies[0m[2m in[0m[2mvo[0m[2mlv[0m[2med in SSB de[0m[2mv[0m[2me[0m[2ml[0m[2mopment
     3.[0m[2m Identify[0m[2m remaining[0m[2m technical c[0m[2mha[0m[2mllen[0m[2mges[0m[2m
     
     Thi[0m[2ms[0m[2m is a[0m[2m DEEP PATH[0m[2m rese[0m[2march task[0m[2m requiring[0m[2m multip[0m[2mle searc[0m[2mh qu[0m[2meries and ver[0m[2mifi[0m[2mcation o[0m[2mf[0m[2m sour[0m[2mces. I'l[0m[2ml conduct[0m[2m targeted[0m[2m sea[0m[2mrches[0m[2m and the[0m[2mn s[0m[2mynth[0m[2mesize the[0m[2m find[0m[2min[0m[2mgs into a comp[0m[2mrehensi[0m[2mve[0m[2m r[0m[2meport.
[0m[2m</th[0m[2minking>[0m[2m
     
     Re[0m[2msearch[0m[2ming So[0m[2mlid Stat[0m[2me Battery dev[0m[2melop[0m[2mments[0m[2m for[0m[2m l[0m[2mate[0m[2m 2[0m[2m024/2[0m[2m025. This[0m[2m requires[0m[2m gatherin[0m[2mg current in[0m[2mforma[0m[2mtion from[0m[2m multipl[0m[2me[0m[2m sources. [0m[2m{"query":"Toyota solid state battery production schedule 2025 2027"}[0m[2m{"query":"solid state battery manufacturers companies QuantumScape Toyota CATL Samsung SDI"}[0m[2m
  üß∞ functions.SearchInternet:2 | SearchInternetSearchInternetSearchInternet {"query":"solid state batteries market launch cars EVs 2024 2025 commercial availability"}{"query":"Toyota solid state battery production schedule 2025 2027"}{"query":"solid state battery manufacturers companies QuantumScape Toyota CATL Samsung SDI"}
[0m[2m
  üî† functions.SearchInternet:2 | Return Unknown tool name: 'SearchInternetSearchInternetSearchInternet'. Available tools: 'Bash', 'AnalyzeCode', 'LS', 'Glob', 'Read', 'ReadMany', 'Write', 'WriteMany', 'Edit', 'Grep', 'AnalyzeFile', 'SearchInternet', 'OpenWebPage', 'ListZrbTasks', 'RunZrbTask', 'ActivateSkill', 'DelegateToAgent', 'ReadContextualNote', 'ReadLongTermNote', 'WriteContextualNote', 'WriteLongTermNote'
[0m[32m260215 10:03:25.878 1/3   üê∂ chat-process ‚¨§ [0m [1;31m[ERROR] Attempt 1/3 failed: status_code: 400, model_name: kimi-k2.5:cloud, body: {'message': 'invalid tool call arguments', 'type': 'invalid_request_error', 'param': None, 'code': None}[0m
[2m
  üß† The u[0m[2mse[0m[2mr wants a[0m[2m resear[0m[2mch[0m[2m report[0m[2m on So[0m[2mlid State[0m[2m Ba[0m[2mtt[0m[2me[0m[2mr[0m[2mies[0m[2m (SSB)[0m[2m for[0m[2m l[0m[2mate[0m[2m 2[0m[2m02[0m[2m4/202[0m[2m5.[0m[2m I[0m[2m n[0m[2me[0m[2med to:
     1.[0m[2m Rese[0m[2mar[0m[2mch[0m[2m when[0m[2m SSBs ar[0m[2me hi[0m[2mtting t[0m[2mhe m[0m[2market[0m[2m f[0m[2mo[0m[2mr cars
     2.[0m[2m Ident[0m[2mify major[0m[2m companies[0m[2m i[0m[2mn[0m[2mvolve[0m[2md
     3.[0m[2m Fin[0m[2md out[0m[2m the main[0m[2m technical[0m[2m probl[0m[2mems st[0m[2mill bei[0m[2mn[0m[2mg[0m[2m solved
     4[0m[2m. Com[0m[2mpile[0m[2m th[0m[2mis into a[0m[2m markdo[0m[2mwn r[0m[2meport[0m[2m an[0m[2md[0m[2m save[0m[2m it[0m[2m
     
     This is a[0m[2m rese[0m[2ma[0m[2mrc[0m[2mh task.[0m[2m I[0m[2m s[0m[2mhoul[0m[2md:
     1[0m[2m.[0m[2m Use the[0m[2m `[0m[2mresear[0m[2mch`[0m[2m ski[0m[2mll to g[0m[2met proper[0m[2m g[0m[2mu[0m[2midance[0m[2m
     2. S[0m[2mearch fo[0m[2mr current in[0m[2mfor[0m[2mma[0m[2mti[0m[2mo[0m[2mn[0m[2m o[0m[2mn SSBs[0m[2m
     3. V[0m[2merify the[0m[2m fi[0m[2mndings b[0m[2my rea[0m[2mding full[0m[2m a[0m[2mr[0m[2mticles
     4[0m[2m. Co[0m[2mmpile t[0m[2mhe[0m[2m re[0m[2mpor[0m[2mt
     
     Let me[0m[2m act[0m[2mivate the[0m[2m resea[0m[2mrch sk[0m[2mi[0m[2mll first.[0m[2m
  üß∞ functions.ActivateSkill:0 | ActivateSkill {'name': 'research'}
[0m[2m
  üî† functions.ActivateSkill:0 | Return <ACTIVATED_SKILL>
     ---
     name: research
     description: Perform deep information gathering and analysis. Use when asked to find facts, compare technologies, or investigate complex topics.
     user-invocable: true
     ---
     # Skill: research
     When this skill is activated, you switch into **Analyst Mode**. Your goal is to provide a comprehensive, objective, and evidence-backed report.
     
     ## Workflow
     
     ### 1. Scope Definition
     - Identify the core questions that need answering.
     - List key terms and potential sources.
     - **CLARIFY**: If the research goal is broad, ask the user for specific areas of focus.
     
     ### 2. Information Gathering
     - **Discovery**: Use `SearchInternet` to find relevant URLs.
     - **Deep Dive**: You **MUST** use `OpenWebPage` to read the full content of source URLs. Never rely on snippets.
     - **Verification**: Cross-reference facts across multiple credible sources.
     
     ### 3. Analysis
     - Synthesize findings into a logical structure.
     - Identify patterns, trends, or conflicting information.
     - Evaluate source credibility.
     
     ### 4. Reporting
     Your report must include:
     - **Executive Summary**: Direct answer to the query.
     - **Key Findings**: Detailed, evidence-backed points.
     - **References**: A mandatory section listing all URLs and documents used.
     
     ## Research Standards
     - **Evidence-Based**: Every claim must have a corresponding source.
     - **Skeptical**: Question surface-level data.
     - **Transparent**: State what you don't know or where data is missing.
     
     **Note**: Aim for accuracy over speed. Stop only when you have enough evidence to be definitive.
     
     </ACTIVATED_SKILL>
[0m[2m
  üß†  Good[0m[2m,[0m[2m the[0m[2m research[0m[2m skill[0m[2m is[0m[2m activated[0m[2m.[0m[2m Now[0m[2m I[0m[2m need[0m[2m to[0m[2m search[0m[2m for[0m[2m information[0m[2m on[0m[2m Solid[0m[2m State[0m[2m Batteries[0m[2m.[0m[2m I'll[0m[2m search[0m[2m for[0m[2m:
[0m[2m1[0m[2m.[0m[2m Solid[0m[2m state[0m[2m battery[0m[2m market[0m[2m release[0m[2m [0m[2m202[0m[2m4[0m[2m [0m[2m202[0m[2m5[0m[2m cars[0m[2m EV[0m[2ms[0m[2m
[0m[2m2[0m[2m.[0m[2m Solid[0m[2m state[0m[2m battery[0m[2m companies[0m[2m manufacturers[0m[2m
[0m[2m3[0m[2m.[0m[2m Solid[0m[2m state[0m[2m battery[0m[2m technical[0m[2m challenges[0m[2m dend[0m[2mrites[0m[2m manufacturing[0m[2m
     
[0m[2mLet[0m[2m me[0m[2m start[0m[2m with[0m[2m multiple[0m[2m searches[0m[2m to[0m[2m cover[0m[2m all[0m[2m aspects[0m[2m of[0m[2m the[0m[2m user's[0m[2m question[0m[2m.[0m[2m
  üß†  [0m[2m [0m[2m [0m[2m{"query":"solid state battery electric vehicle market release 2024 2025 commercial production"}[0m[2m{"query":"solid state battery companies Toyota QuantumScape Samsung CATL BYD manufacturers 2024 2025"}[0m[2m
  üß∞ functions.SearchInternet:2 | SearchInternetSearchInternetSearchInternet {"query":"solid state battery technical challenges dendrites manufacturing cost scalability 2024"}{"query":"solid state battery electric vehicle market release 2024 2025 commercial production"}{"query":"solid state battery companies Toyota QuantumScape Samsung CATL BYD manufacturers 2024 2025"}
[0m[2m
  üî† functions.SearchInternet:2 | Return Unknown tool name: 'SearchInternetSearchInternetSearchInternet'. Available tools: 'Bash', 'AnalyzeCode', 'LS', 'Glob', 'Read', 'ReadMany', 'Write', 'WriteMany', 'Edit', 'Grep', 'AnalyzeFile', 'SearchInternet', 'OpenWebPage', 'ListZrbTasks', 'RunZrbTask', 'ActivateSkill', 'DelegateToAgent', 'ReadContextualNote', 'ReadLongTermNote', 'WriteContextualNote', 'WriteLongTermNote'
[0m[32m260215 10:03:40.697 2/3   üê∂ chat-process ‚¨§ [0m [1;31m[ERROR] Attempt 2/3 failed: status_code: 400, model_name: kimi-k2.5:cloud, body: {'message': 'invalid tool call arguments', 'type': 'invalid_request_error', 'param': None, 'code': None}[0m
[2m
  üß†  The[0m[2m user[0m[2m wants[0m[2m a[0m[2m research[0m[2m report[0m[2m on[0m[2m Solid[0m[2m State[0m[2m Batteries[0m[2m ([0m[2mSS[0m[2mBs[0m[2m)[0m[2m with[0m[2m three[0m[2m specific[0m[2m questions[0m[2m:
[0m[2m1[0m[2m.[0m[2m Market[0m[2m availability[0m[2m timeline[0m[2m for[0m[2m cars[0m[2m
[0m[2m2[0m[2m.[0m[2m Major[0m[2m companies[0m[2m involved[0m[2m
[0m[2m3[0m[2m.[0m[2m Rem[0m[2maining[0m[2m technical[0m[2m challenges[0m[2m
     
[0m[2mThis[0m[2m is[0m[2m a[0m[2m research[0m[2m task[0m[2m that[0m[2m requires[0m[2m web[0m[2m search[0m[2m and[0m[2m information[0m[2m synthesis[0m[2m.[0m[2m Let[0m[2m me[0m[2m activate[0m[2m the[0m[2m research[0m[2m skill[0m[2m first[0m[2m to[0m[2m follow[0m[2m proper[0m[2m protocols[0m[2m,[0m[2m then[0m[2m gather[0m[2m information[0m[2m from[0m[2m multiple[0m[2m sources[0m[2m.[0m[2m
  üß†  [0m[2m
  üß∞ functions.ActivateSkill:0 | ActivateSkill {'name': 'research'}
[0m[2m
  üî† functions.ActivateSkill:0 | Return <ACTIVATED_SKILL>
     ---
     name: research
     description: Perform deep information gathering and analysis. Use when asked to find facts, compare technologies, or investigate complex topics.
     user-invocable: true
     ---
     # Skill: research
     When this skill is activated, you switch into **Analyst Mode**. Your goal is to provide a comprehensive, objective, and evidence-backed report.
     
     ## Workflow
     
     ### 1. Scope Definition
     - Identify the core questions that need answering.
     - List key terms and potential sources.
     - **CLARIFY**: If the research goal is broad, ask the user for specific areas of focus.
     
     ### 2. Information Gathering
     - **Discovery**: Use `SearchInternet` to find relevant URLs.
     - **Deep Dive**: You **MUST** use `OpenWebPage` to read the full content of source URLs. Never rely on snippets.
     - **Verification**: Cross-reference facts across multiple credible sources.
     
     ### 3. Analysis
     - Synthesize findings into a logical structure.
     - Identify patterns, trends, or conflicting information.
     - Evaluate source credibility.
     
     ### 4. Reporting
     Your report must include:
     - **Executive Summary**: Direct answer to the query.
     - **Key Findings**: Detailed, evidence-backed points.
     - **References**: A mandatory section listing all URLs and documents used.
     
     ## Research Standards
     - **Evidence-Based**: Every claim must have a corresponding source.
     - **Skeptical**: Question surface-level data.
     - **Transparent**: State what you don't know or where data is missing.
     
     **Note**: Aim for accuracy over speed. Stop only when you have enough evidence to be definitive.
     
     </ACTIVATED_SKILL>
[0m[2m
  üß† Good, the[0m[2m resea[0m[2mrch[0m[2m skill is[0m[2m a[0m[2mctiv[0m[2mat[0m[2med. N[0m[2mow[0m[2m I need[0m[2m to s[0m[2mearch for in[0m[2mfor[0m[2mmation[0m[2m on so[0m[2mlid state[0m[2m b[0m[2matteries, spe[0m[2mcifically[0m[2m fo[0m[2mcu[0m[2ms[0m[2mi[0m[2mng on:[0m[2m
     1. Market ava[0m[2milab[0m[2mility[0m[2m fo[0m[2mr[0m[2m ca[0m[2mr[0m[2ms[0m[2m in[0m[2m 2[0m[2m0[0m[2m2[0m[2m4/2025[0m[2m
     2. Major[0m[2m companies[0m[2m i[0m[2mn[0m[2mvolv[0m[2med
     3.[0m[2m Remaining[0m[2m technical c[0m[2mha[0m[2mlle[0m[2mnge[0m[2ms
     
     Let[0m[2m me s[0m[2mtart with[0m[2m discovery[0m[2m sea[0m[2mrches[0m[2m and[0m[2m then[0m[2m deep[0m[2m dive[0m[2m into th[0m[2me[0m[2m sources.[0m[2m{"query":"solid state battery manufacturers Toyota QuantumScape Samsung CATL 2024"}[0m[2m{"query":"solid state battery technical challenges dendrites manufacturing scaling"}[0m[2m
  üß∞ functions.SearchInternet:3 | SearchInternetSearchInternetSearchInternet {"query":"solid state battery electric vehicles 2024 2025 commercial production timeline"}{"query":"solid state battery manufacturers Toyota QuantumScape Samsung CATL 2024"}{"query":"solid state battery technical challenges dendrites manufacturing scaling"}
[0m[2m
  üî† functions.SearchInternet:3 | Return Unknown tool name: 'SearchInternetSearchInternetSearchInternet'. Available tools: 'Bash', 'AnalyzeCode', 'LS', 'Glob', 'Read', 'ReadMany', 'Write', 'WriteMany', 'Edit', 'Grep', 'AnalyzeFile', 'SearchInternet', 'OpenWebPage', 'ListZrbTasks', 'RunZrbTask', 'ActivateSkill', 'DelegateToAgent', 'ReadContextualNote', 'ReadLongTermNote', 'WriteContextualNote', 'WriteLongTermNote'
[0m[32m260215 10:03:54.411 3/3   üê∂ chat-process ‚¨§ [0m [1;31m[ERROR] Attempt 3/3 failed: status_code: 400, model_name: kimi-k2.5:cloud, body: {'message': 'invalid tool call arguments', 'type': 'invalid_request_error', 'param': None, 'code': None}[0m
[32m260215 10:03:54.411 3/3   üê∂ chat-process ‚¨§ [0m [1;31m[ERROR] Marked as permanently failed[0m
[32m260215 10:03:54.424 3/3   üê∂ chat-process ‚¨§ [0m [1;31m[ERROR] Traceback (most recent call last):
  File "/Users/gofrendigunawan/zrb/.venv/lib/python3.13/site-packages/pydantic_ai/models/openai.py", line 706, in _completions_create
    return await self.client.chat.completions.create(
           ^^^^^^^^^^^^^^^^^^^^^^^^^^^^^^^^^^^^^^^^^^
    ...<29 lines>...
    )
    ^
  File "/Users/gofrendigunawan/zrb/.venv/lib/python3.13/site-packages/openai/resources/chat/completions/completions.py", line 2676, in create
    return await self._post(
           ^^^^^^^^^^^^^^^^^
    ...<49 lines>...
    )
    ^
  File "/Users/gofrendigunawan/zrb/.venv/lib/python3.13/site-packages/openai/_base_client.py", line 1884, in post
    return await self.request(cast_to, opts, stream=stream, stream_cls=stream_cls)
           ^^^^^^^^^^^^^^^^^^^^^^^^^^^^^^^^^^^^^^^^^^^^^^^^^^^^^^^^^^^^^^^^^^^^^^^
  File "/Users/gofrendigunawan/zrb/.venv/lib/python3.13/site-packages/openai/_base_client.py", line 1669, in request
    raise self._make_status_error_from_response(err.response) from None
openai.BadRequestError: Error code: 400 - {'error': {'message': 'invalid tool call arguments', 'type': 'invalid_request_error', 'param': None, 'code': None}}

The above exception was the direct cause of the following exception:

Traceback (most recent call last):
  File "/Users/gofrendigunawan/zrb/src/zrb/task/base/execution.py", line 178, in execute_action_with_retry
    result = await run_async(task._exec_action(ctx))
             ^^^^^^^^^^^^^^^^^^^^^^^^^^^^^^^^^^^^^^^
  File "/Users/gofrendigunawan/zrb/src/zrb/util/run.py", line 19, in run_async
    return await value
           ^^^^^^^^^^^
  File "/Users/gofrendigunawan/zrb/src/zrb/llm/task/llm_task.py", line 255, in _exec_action
    output, new_history = await run_agent(
                          ^^^^^^^^^^^^^^^^
    ...<10 lines>...
    )
    ^
  File "/Users/gofrendigunawan/zrb/src/zrb/llm/agent/run_agent.py", line 189, in run_agent
    async for event in agent.run_stream_events(
    ...<11 lines>...
            await effective_event_handler(event)
  File "/Users/gofrendigunawan/zrb/.venv/lib/python3.13/site-packages/pydantic_ai/agent/abstract.py", line 974, in _run_stream_events
    result = await task
             ^^^^^^^^^^
  File "/Users/gofrendigunawan/zrb/.venv/lib/python3.13/site-packages/pydantic_ai/agent/abstract.py", line 949, in run_agent
    return await self.run(
           ^^^^^^^^^^^^^^^
    ...<15 lines>...
    )
    ^
  File "/Users/gofrendigunawan/zrb/.venv/lib/python3.13/site-packages/pydantic_ai/agent/abstract.py", line 278, in run
    async with node.stream(agent_run.ctx) as stream:
               ~~~~~~~~~~~^^^^^^^^^^^^^^^
  File "/Users/gofrendigunawan/.pyenv/versions/3.13.0/lib/python3.13/contextlib.py", line 214, in __aenter__
    return await anext(self.gen)
           ^^^^^^^^^^^^^^^^^^^^^
  File "/Users/gofrendigunawan/zrb/.venv/lib/python3.13/site-packages/pydantic_ai/_agent_graph.py", line 467, in stream
    async with ctx.deps.model.request_stream(
               ~~~~~~~~~~~~~~~~~~~~~~~~~~~~~^
        message_history, model_settings, model_request_parameters, run_context
        ^^^^^^^^^^^^^^^^^^^^^^^^^^^^^^^^^^^^^^^^^^^^^^^^^^^^^^^^^^^^^^^^^^^^^^
    ) as streamed_response:
    ^
  File "/Users/gofrendigunawan/.pyenv/versions/3.13.0/lib/python3.13/contextlib.py", line 214, in __aenter__
    return await anext(self.gen)
           ^^^^^^^^^^^^^^^^^^^^^
  File "/Users/gofrendigunawan/zrb/.venv/lib/python3.13/site-packages/pydantic_ai/models/openai.py", line 644, in request_stream
    response = await self._completions_create(messages, True, model_settings_cast, model_request_parameters)
               ^^^^^^^^^^^^^^^^^^^^^^^^^^^^^^^^^^^^^^^^^^^^^^^^^^^^^^^^^^^^^^^^^^^^^^^^^^^^^^^^^^^^^^^^^^^^^
  File "/Users/gofrendigunawan/zrb/.venv/lib/python3.13/site-packages/pydantic_ai/models/openai.py", line 741, in _completions_create
    raise ModelHTTPError(status_code=status_code, model_name=self.model_name, body=e.body) from e
pydantic_ai.exceptions.ModelHTTPError: status_code: 400, model_name: kimi-k2.5:cloud, body: {'message': 'invalid tool call arguments', 'type': 'invalid_request_error', 'param': None, 'code': None}
[0m
[32m260215 10:03:54.431 1/1   üê∂ chat ‚¨§ [0m [1;31m[ERROR] Attempt 1/1 failed: status_code: 400, model_name: kimi-k2.5:cloud, body: {'message': 'invalid tool call arguments', 'type': 'invalid_request_error', 'param': None, 'code': None}[0m
[32m260215 10:03:54.431 1/1   üê∂ chat ‚¨§ [0m [1;31m[ERROR] Marked as permanently failed[0m
[32m260215 10:03:54.438 1/1   üê∂ chat ‚¨§ [0m [1;31m[ERROR] Traceback (most recent call last):
  File "/Users/gofrendigunawan/zrb/.venv/lib/python3.13/site-packages/pydantic_ai/models/openai.py", line 706, in _completions_create
    return await self.client.chat.completions.create(
           ^^^^^^^^^^^^^^^^^^^^^^^^^^^^^^^^^^^^^^^^^^
    ...<29 lines>...
    )
    ^
  File "/Users/gofrendigunawan/zrb/.venv/lib/python3.13/site-packages/openai/resources/chat/completions/completions.py", line 2676, in create
    return await self._post(
           ^^^^^^^^^^^^^^^^^
    ...<49 lines>...
    )
    ^
  File "/Users/gofrendigunawan/zrb/.venv/lib/python3.13/site-packages/openai/_base_client.py", line 1884, in post
    return await self.request(cast_to, opts, stream=stream, stream_cls=stream_cls)
           ^^^^^^^^^^^^^^^^^^^^^^^^^^^^^^^^^^^^^^^^^^^^^^^^^^^^^^^^^^^^^^^^^^^^^^^
  File "/Users/gofrendigunawan/zrb/.venv/lib/python3.13/site-packages/openai/_base_client.py", line 1669, in request
    raise self._make_status_error_from_response(err.response) from None
openai.BadRequestError: Error code: 400 - {'error': {'message': 'invalid tool call arguments', 'type': 'invalid_request_error', 'param': None, 'code': None}}

The above exception was the direct cause of the following exception:

Traceback (most recent call last):
  File "/Users/gofrendigunawan/zrb/src/zrb/task/base/execution.py", line 178, in execute_action_with_retry
    result = await run_async(task._exec_action(ctx))
             ^^^^^^^^^^^^^^^^^^^^^^^^^^^^^^^^^^^^^^^
  File "/Users/gofrendigunawan/zrb/src/zrb/util/run.py", line 19, in run_async
    return await value
           ^^^^^^^^^^^
  File "/Users/gofrendigunawan/zrb/src/zrb/llm/task/llm_chat_task.py", line 379, in _exec_action
    return await self._run_non_interactive_session(
           ^^^^^^^^^^^^^^^^^^^^^^^^^^^^^^^^^^^^^^^^
    ...<6 lines>...
    )
    ^
  File "/Users/gofrendigunawan/zrb/src/zrb/llm/task/llm_chat_task.py", line 579, in _run_non_interactive_session
    return await llm_task_core.async_run(session)
           ^^^^^^^^^^^^^^^^^^^^^^^^^^^^^^^^^^^^^^
  File "/Users/gofrendigunawan/zrb/src/zrb/task/base_task.py", line 245, in async_run
    return await run_task_async(
           ^^^^^^^^^^^^^^^^^^^^^
    ...<5 lines>...
    )
    ^
  File "/Users/gofrendigunawan/zrb/src/zrb/task/base/lifecycle.py", line 91, in run_task_async
    result = await task.exec_root_tasks(session)
             ^^^^^^^^^^^^^^^^^^^^^^^^^^^^^^^^^^^
  File "/Users/gofrendigunawan/zrb/src/zrb/task/base_task.py", line 254, in exec_root_tasks
    return await execute_root_tasks(self, session)
           ^^^^^^^^^^^^^^^^^^^^^^^^^^^^^^^^^^^^^^^
  File "/Users/gofrendigunawan/zrb/src/zrb/task/base/lifecycle.py", line 129, in execute_root_tasks
    await asyncio.gather(*root_task_coros)
  File "/Users/gofrendigunawan/zrb/src/zrb/util/run.py", line 19, in run_async
    return await value
           ^^^^^^^^^^^
  File "/Users/gofrendigunawan/zrb/src/zrb/task/base_task.py", line 257, in exec_chain
    return await execute_task_chain(self, session)
           ^^^^^^^^^^^^^^^^^^^^^^^^^^^^^^^^^^^^^^^
  File "/Users/gofrendigunawan/zrb/src/zrb/task/base/execution.py", line 21, in execute_task_chain
    result = await execute_task_action(task, session)
             ^^^^^^^^^^^^^^^^^^^^^^^^^^^^^^^^^^^^^^^^
  File "/Users/gofrendigunawan/zrb/src/zrb/task/base/execution.py", line 53, in execute_task_action
    return await run_async(execute_action_until_ready(task, session))
           ^^^^^^^^^^^^^^^^^^^^^^^^^^^^^^^^^^^^^^^^^^^^^^^^^^^^^^^^^^
  File "/Users/gofrendigunawan/zrb/src/zrb/util/run.py", line 19, in run_async
    return await value
           ^^^^^^^^^^^
  File "/Users/gofrendigunawan/zrb/src/zrb/task/base/execution.py", line 85, in execute_action_until_ready
    result = await run_async(execute_action_with_retry(task, session))
             ^^^^^^^^^^^^^^^^^^^^^^^^^^^^^^^^^^^^^^^^^^^^^^^^^^^^^^^^^
  File "/Users/gofrendigunawan/zrb/src/zrb/util/run.py", line 19, in run_async
    return await value
           ^^^^^^^^^^^
  File "/Users/gofrendigunawan/zrb/src/zrb/task/base/execution.py", line 215, in execute_action_with_retry
    raise e  # Re-raise the exception after handling fallbacks
    ^^^^^^^
  File "/Users/gofrendigunawan/zrb/src/zrb/task/base/execution.py", line 178, in execute_action_with_retry
    result = await run_async(task._exec_action(ctx))
             ^^^^^^^^^^^^^^^^^^^^^^^^^^^^^^^^^^^^^^^
  File "/Users/gofrendigunawan/zrb/src/zrb/util/run.py", line 19, in run_async
    return await value
           ^^^^^^^^^^^
  File "/Users/gofrendigunawan/zrb/src/zrb/llm/task/llm_task.py", line 255, in _exec_action
    output, new_history = await run_agent(
                          ^^^^^^^^^^^^^^^^
    ...<10 lines>...
    )
    ^
  File "/Users/gofrendigunawan/zrb/src/zrb/llm/agent/run_agent.py", line 189, in run_agent
    async for event in agent.run_stream_events(
    ...<11 lines>...
            await effective_event_handler(event)
  File "/Users/gofrendigunawan/zrb/.venv/lib/python3.13/site-packages/pydantic_ai/agent/abstract.py", line 974, in _run_stream_events
    result = await task
             ^^^^^^^^^^
  File "/Users/gofrendigunawan/zrb/.venv/lib/python3.13/site-packages/pydantic_ai/agent/abstract.py", line 949, in run_agent
    return await self.run(
           ^^^^^^^^^^^^^^^
    ...<15 lines>...
    )
    ^
  File "/Users/gofrendigunawan/zrb/.venv/lib/python3.13/site-packages/pydantic_ai/agent/abstract.py", line 278, in run
    async with node.stream(agent_run.ctx) as stream:
               ~~~~~~~~~~~^^^^^^^^^^^^^^^
  File "/Users/gofrendigunawan/.pyenv/versions/3.13.0/lib/python3.13/contextlib.py", line 214, in __aenter__
    return await anext(self.gen)
           ^^^^^^^^^^^^^^^^^^^^^
  File "/Users/gofrendigunawan/zrb/.venv/lib/python3.13/site-packages/pydantic_ai/_agent_graph.py", line 467, in stream
    async with ctx.deps.model.request_stream(
               ~~~~~~~~~~~~~~~~~~~~~~~~~~~~~^
        message_history, model_settings, model_request_parameters, run_context
        ^^^^^^^^^^^^^^^^^^^^^^^^^^^^^^^^^^^^^^^^^^^^^^^^^^^^^^^^^^^^^^^^^^^^^^
    ) as streamed_response:
    ^
  File "/Users/gofrendigunawan/.pyenv/versions/3.13.0/lib/python3.13/contextlib.py", line 214, in __aenter__
    return await anext(self.gen)
           ^^^^^^^^^^^^^^^^^^^^^
  File "/Users/gofrendigunawan/zrb/.venv/lib/python3.13/site-packages/pydantic_ai/models/openai.py", line 644, in request_stream
    response = await self._completions_create(messages, True, model_settings_cast, model_request_parameters)
               ^^^^^^^^^^^^^^^^^^^^^^^^^^^^^^^^^^^^^^^^^^^^^^^^^^^^^^^^^^^^^^^^^^^^^^^^^^^^^^^^^^^^^^^^^^^^^
  File "/Users/gofrendigunawan/zrb/.venv/lib/python3.13/site-packages/pydantic_ai/models/openai.py", line 741, in _completions_create
    raise ModelHTTPError(status_code=status_code, model_name=self.model_name, body=e.body) from e
pydantic_ai.exceptions.ModelHTTPError: status_code: 400, model_name: kimi-k2.5:cloud, body: {'message': 'invalid tool call arguments', 'type': 'invalid_request_error', 'param': None, 'code': None}
[0m
[2mTo run again:[0m [1;33mzrb chat --message "Give me a status update on Solid State Batteries for late 2024/2025. 

I need to know:
1. When are they actually hitting the market (cars)?
2. Who are the big companies involved?
3. What are the main technical problems they are still trying to solve?

Save it as `solid_state_battery_report.md`." --model ollama:kimi-k2.5:cloud --session "" --yolo true --attach "" --interactive false[0m
Traceback (most recent call last):
  File "/Users/gofrendigunawan/zrb/.venv/lib/python3.13/site-packages/pydantic_ai/models/openai.py", line 706, in _completions_create
    return await self.client.chat.completions.create(
           ^^^^^^^^^^^^^^^^^^^^^^^^^^^^^^^^^^^^^^^^^^
    ...<29 lines>...
    )
    ^
  File "/Users/gofrendigunawan/zrb/.venv/lib/python3.13/site-packages/openai/resources/chat/completions/completions.py", line 2676, in create
    return await self._post(
           ^^^^^^^^^^^^^^^^^
    ...<49 lines>...
    )
    ^
  File "/Users/gofrendigunawan/zrb/.venv/lib/python3.13/site-packages/openai/_base_client.py", line 1884, in post
    return await self.request(cast_to, opts, stream=stream, stream_cls=stream_cls)
           ^^^^^^^^^^^^^^^^^^^^^^^^^^^^^^^^^^^^^^^^^^^^^^^^^^^^^^^^^^^^^^^^^^^^^^^
  File "/Users/gofrendigunawan/zrb/.venv/lib/python3.13/site-packages/openai/_base_client.py", line 1669, in request
    raise self._make_status_error_from_response(err.response) from None
openai.BadRequestError: Error code: 400 - {'error': {'message': 'invalid tool call arguments', 'type': 'invalid_request_error', 'param': None, 'code': None}}

The above exception was the direct cause of the following exception:

Traceback (most recent call last):
  File "/Users/gofrendigunawan/zrb/.venv/bin/zrb", line 6, in <module>
    sys.exit(serve_cli())
             ~~~~~~~~~^^
  File "/Users/gofrendigunawan/zrb/src/zrb/__main__.py", line 68, in serve_cli
    raise e
  File "/Users/gofrendigunawan/zrb/src/zrb/__main__.py", line 61, in serve_cli
    cli.run(sys.argv[1:])
    ~~~~~~~^^^^^^^^^^^^^^
  File "/Users/gofrendigunawan/zrb/src/zrb/runner/cli.py", line 54, in run
    result = self._run_task(node, str_args, task_str_kwargs)
  File "/Users/gofrendigunawan/zrb/src/zrb/runner/cli.py", line 89, in _run_task
    return task.run(
           ~~~~~~~~^
        Session(shared_ctx=shared_ctx, root_group=self), str_kwargs=run_kwargs
        ^^^^^^^^^^^^^^^^^^^^^^^^^^^^^^^^^^^^^^^^^^^^^^^^^^^^^^^^^^^^^^^^^^^^^^
    )
    ^
  File "/Users/gofrendigunawan/zrb/src/zrb/task/base_task.py", line 229, in run
    return asyncio.run(
           ~~~~~~~~~~~^
        run_and_cleanup(
        ^^^^^^^^^^^^^^^^
    ...<5 lines>...
        )
        ^
    )
    ^
  File "/Users/gofrendigunawan/.pyenv/versions/3.13.0/lib/python3.13/asyncio/runners.py", line 194, in run
    return runner.run(main)
           ~~~~~~~~~~^^^^^^
  File "/Users/gofrendigunawan/.pyenv/versions/3.13.0/lib/python3.13/asyncio/runners.py", line 118, in run
    return self._loop.run_until_complete(task)
           ~~~~~~~~~~~~~~~~~~~~~~~~~~~~~^^^^^^
  File "/Users/gofrendigunawan/.pyenv/versions/3.13.0/lib/python3.13/asyncio/base_events.py", line 721, in run_until_complete
    return future.result()
           ~~~~~~~~~~~~~^^
  File "/Users/gofrendigunawan/zrb/src/zrb/task/base/lifecycle.py", line 34, in run_and_cleanup
    result = await main_task_coro
             ^^^^^^^^^^^^^^^^^^^^
  File "/Users/gofrendigunawan/zrb/src/zrb/task/base/lifecycle.py", line 91, in run_task_async
    result = await task.exec_root_tasks(session)
             ^^^^^^^^^^^^^^^^^^^^^^^^^^^^^^^^^^^
  File "/Users/gofrendigunawan/zrb/src/zrb/task/base_task.py", line 254, in exec_root_tasks
    return await execute_root_tasks(self, session)
           ^^^^^^^^^^^^^^^^^^^^^^^^^^^^^^^^^^^^^^^
  File "/Users/gofrendigunawan/zrb/src/zrb/task/base/lifecycle.py", line 129, in execute_root_tasks
    await asyncio.gather(*root_task_coros)
  File "/Users/gofrendigunawan/zrb/src/zrb/util/run.py", line 19, in run_async
    return await value
           ^^^^^^^^^^^
  File "/Users/gofrendigunawan/zrb/src/zrb/task/base_task.py", line 257, in exec_chain
    return await execute_task_chain(self, session)
           ^^^^^^^^^^^^^^^^^^^^^^^^^^^^^^^^^^^^^^^
  File "/Users/gofrendigunawan/zrb/src/zrb/task/base/execution.py", line 21, in execute_task_chain
    result = await execute_task_action(task, session)
             ^^^^^^^^^^^^^^^^^^^^^^^^^^^^^^^^^^^^^^^^
  File "/Users/gofrendigunawan/zrb/src/zrb/task/base/execution.py", line 53, in execute_task_action
    return await run_async(execute_action_until_ready(task, session))
           ^^^^^^^^^^^^^^^^^^^^^^^^^^^^^^^^^^^^^^^^^^^^^^^^^^^^^^^^^^
  File "/Users/gofrendigunawan/zrb/src/zrb/util/run.py", line 19, in run_async
    return await value
           ^^^^^^^^^^^
  File "/Users/gofrendigunawan/zrb/src/zrb/task/base/execution.py", line 85, in execute_action_until_ready
    result = await run_async(execute_action_with_retry(task, session))
             ^^^^^^^^^^^^^^^^^^^^^^^^^^^^^^^^^^^^^^^^^^^^^^^^^^^^^^^^^
  File "/Users/gofrendigunawan/zrb/src/zrb/util/run.py", line 19, in run_async
    return await value
           ^^^^^^^^^^^
  File "/Users/gofrendigunawan/zrb/src/zrb/task/base/execution.py", line 215, in execute_action_with_retry
    raise e  # Re-raise the exception after handling fallbacks
    ^^^^^^^
  File "/Users/gofrendigunawan/zrb/src/zrb/task/base/execution.py", line 178, in execute_action_with_retry
    result = await run_async(task._exec_action(ctx))
             ^^^^^^^^^^^^^^^^^^^^^^^^^^^^^^^^^^^^^^^
  File "/Users/gofrendigunawan/zrb/src/zrb/util/run.py", line 19, in run_async
    return await value
           ^^^^^^^^^^^
  File "/Users/gofrendigunawan/zrb/src/zrb/llm/task/llm_chat_task.py", line 379, in _exec_action
    return await self._run_non_interactive_session(
           ^^^^^^^^^^^^^^^^^^^^^^^^^^^^^^^^^^^^^^^^
    ...<6 lines>...
    )
    ^
  File "/Users/gofrendigunawan/zrb/src/zrb/llm/task/llm_chat_task.py", line 579, in _run_non_interactive_session
    return await llm_task_core.async_run(session)
           ^^^^^^^^^^^^^^^^^^^^^^^^^^^^^^^^^^^^^^
  File "/Users/gofrendigunawan/zrb/src/zrb/task/base_task.py", line 245, in async_run
    return await run_task_async(
           ^^^^^^^^^^^^^^^^^^^^^
    ...<5 lines>...
    )
    ^
  File "/Users/gofrendigunawan/zrb/src/zrb/task/base/lifecycle.py", line 91, in run_task_async
    result = await task.exec_root_tasks(session)
             ^^^^^^^^^^^^^^^^^^^^^^^^^^^^^^^^^^^
  File "/Users/gofrendigunawan/zrb/src/zrb/task/base_task.py", line 254, in exec_root_tasks
    return await execute_root_tasks(self, session)
           ^^^^^^^^^^^^^^^^^^^^^^^^^^^^^^^^^^^^^^^
  File "/Users/gofrendigunawan/zrb/src/zrb/task/base/lifecycle.py", line 129, in execute_root_tasks
    await asyncio.gather(*root_task_coros)
  File "/Users/gofrendigunawan/zrb/src/zrb/util/run.py", line 19, in run_async
    return await value
           ^^^^^^^^^^^
  File "/Users/gofrendigunawan/zrb/src/zrb/task/base_task.py", line 257, in exec_chain
    return await execute_task_chain(self, session)
           ^^^^^^^^^^^^^^^^^^^^^^^^^^^^^^^^^^^^^^^
  File "/Users/gofrendigunawan/zrb/src/zrb/task/base/execution.py", line 21, in execute_task_chain
    result = await execute_task_action(task, session)
             ^^^^^^^^^^^^^^^^^^^^^^^^^^^^^^^^^^^^^^^^
  File "/Users/gofrendigunawan/zrb/src/zrb/task/base/execution.py", line 53, in execute_task_action
    return await run_async(execute_action_until_ready(task, session))
           ^^^^^^^^^^^^^^^^^^^^^^^^^^^^^^^^^^^^^^^^^^^^^^^^^^^^^^^^^^
  File "/Users/gofrendigunawan/zrb/src/zrb/util/run.py", line 19, in run_async
    return await value
           ^^^^^^^^^^^
  File "/Users/gofrendigunawan/zrb/src/zrb/task/base/execution.py", line 85, in execute_action_until_ready
    result = await run_async(execute_action_with_retry(task, session))
             ^^^^^^^^^^^^^^^^^^^^^^^^^^^^^^^^^^^^^^^^^^^^^^^^^^^^^^^^^
  File "/Users/gofrendigunawan/zrb/src/zrb/util/run.py", line 19, in run_async
    return await value
           ^^^^^^^^^^^
  File "/Users/gofrendigunawan/zrb/src/zrb/task/base/execution.py", line 215, in execute_action_with_retry
    raise e  # Re-raise the exception after handling fallbacks
    ^^^^^^^
  File "/Users/gofrendigunawan/zrb/src/zrb/task/base/execution.py", line 178, in execute_action_with_retry
    result = await run_async(task._exec_action(ctx))
             ^^^^^^^^^^^^^^^^^^^^^^^^^^^^^^^^^^^^^^^
  File "/Users/gofrendigunawan/zrb/src/zrb/util/run.py", line 19, in run_async
    return await value
           ^^^^^^^^^^^
  File "/Users/gofrendigunawan/zrb/src/zrb/llm/task/llm_task.py", line 255, in _exec_action
    output, new_history = await run_agent(
                          ^^^^^^^^^^^^^^^^
    ...<10 lines>...
    )
    ^
  File "/Users/gofrendigunawan/zrb/src/zrb/llm/agent/run_agent.py", line 189, in run_agent
    async for event in agent.run_stream_events(
    ...<11 lines>...
            await effective_event_handler(event)
  File "/Users/gofrendigunawan/zrb/.venv/lib/python3.13/site-packages/pydantic_ai/agent/abstract.py", line 974, in _run_stream_events
    result = await task
             ^^^^^^^^^^
  File "/Users/gofrendigunawan/zrb/.venv/lib/python3.13/site-packages/pydantic_ai/agent/abstract.py", line 949, in run_agent
    return await self.run(
           ^^^^^^^^^^^^^^^
    ...<15 lines>...
    )
    ^
  File "/Users/gofrendigunawan/zrb/.venv/lib/python3.13/site-packages/pydantic_ai/agent/abstract.py", line 278, in run
    async with node.stream(agent_run.ctx) as stream:
               ~~~~~~~~~~~^^^^^^^^^^^^^^^
  File "/Users/gofrendigunawan/.pyenv/versions/3.13.0/lib/python3.13/contextlib.py", line 214, in __aenter__
    return await anext(self.gen)
           ^^^^^^^^^^^^^^^^^^^^^
  File "/Users/gofrendigunawan/zrb/.venv/lib/python3.13/site-packages/pydantic_ai/_agent_graph.py", line 467, in stream
    async with ctx.deps.model.request_stream(
               ~~~~~~~~~~~~~~~~~~~~~~~~~~~~~^
        message_history, model_settings, model_request_parameters, run_context
        ^^^^^^^^^^^^^^^^^^^^^^^^^^^^^^^^^^^^^^^^^^^^^^^^^^^^^^^^^^^^^^^^^^^^^^
    ) as streamed_response:
    ^
  File "/Users/gofrendigunawan/.pyenv/versions/3.13.0/lib/python3.13/contextlib.py", line 214, in __aenter__
    return await anext(self.gen)
           ^^^^^^^^^^^^^^^^^^^^^
  File "/Users/gofrendigunawan/zrb/.venv/lib/python3.13/site-packages/pydantic_ai/models/openai.py", line 644, in request_stream
    response = await self._completions_create(messages, True, model_settings_cast, model_request_parameters)
               ^^^^^^^^^^^^^^^^^^^^^^^^^^^^^^^^^^^^^^^^^^^^^^^^^^^^^^^^^^^^^^^^^^^^^^^^^^^^^^^^^^^^^^^^^^^^^
  File "/Users/gofrendigunawan/zrb/.venv/lib/python3.13/site-packages/pydantic_ai/models/openai.py", line 741, in _completions_create
    raise ModelHTTPError(status_code=status_code, model_name=self.model_name, body=e.body) from e
pydantic_ai.exceptions.ModelHTTPError: status_code: 400, model_name: kimi-k2.5:cloud, body: {'message': 'invalid tool call arguments', 'type': 'invalid_request_error', 'param': None, 'code': None}
