[2m
  üß† The[0m[2m user is[0m[2m asking for a status[0m[2m update on solid[0m[2m state batteries.[0m[2m This is a research[0m[2m task that requires gathering[0m[2m current information about:[0m[2m
     1. Market timing[0m[2m for solid[0m[2m state[0m[2m batteries in cars[0m[2m
     2. Key[0m[2m companies involved
     3[0m[2m. Remaining[0m[2m technical challenges[0m[2m
     
     Let[0m[2m me analyze[0m[2m the[0m[2m path[0m[2m:
     - This[0m[2m requires[0m[2m internet[0m[2m research to[0m[2m get current ([0m[2mlate 2024[0m[2m/2025)[0m[2m information
     - It[0m[2m's a straightforward[0m[2m research task -[0m[2m no[0m[2m complex multi-file operations[0m[2m
     - After[0m[2m research[0m[2m, I need to[0m[2m save a[0m[2m report to a[0m[2m file
     
     This is[0m[2m a **FAST PATH[0m[2m** task[0m[2m because[0m[2m:
     1. It[0m[2m's primarily[0m[2m information[0m[2m gathering (research[0m[2m)
     2. Single[0m[2m output[0m[2m file[0m[2m
     3. No complex[0m[2m dependencies or[0m[2m codebase modifications[0m[2m
     4. Straight[0m[2mforward web[0m[2m research[0m[2m needed
     
     However[0m[2m, I should consider[0m[2m using[0m[2m the `research`[0m[2m skill since this[0m[2m is explicitly a[0m[2m research task. Let[0m[2m me check if[0m[2m I should activate the[0m[2m skill[0m[2m first.
     
     Actually,[0m[2m looking at my[0m[2m instructions[0m[2m,[0m[2m I have[0m[2m `[0m[2mSearch[0m[2mInternet` and[0m[2m `OpenWebPage[0m[2m` tools available,[0m[2m and this[0m[2m is a straightforward[0m[2m research task. I[0m[2m can handle[0m[2m this directly without[0m[2m needing to activate a[0m[2m skill.[0m[2m
     
     Plan[0m[2m:
     1. Search[0m[2m for current[0m[2m information on[0m[2m solid state batteries for[0m[2m cars[0m[2m in[0m[2m 2024/[0m[2m2025
     2[0m[2m. Search for major[0m[2m companies involved
     3[0m[2m. Search for technical[0m[2m challenges
     4.[0m[2m Syn[0m[2mthesize the[0m[2m information into a comprehensive[0m[2m report
     5.[0m[2m Save to[0m[2m `solid_state_battery[0m[2m_report.md`[0m[2m
     
     Let me start with[0m[2m the[0m[2m searches.[0m[2m
  üß† I[0m[2m'll gather[0m[2m current information on[0m[2m solid state batteries for[0m[2m electric[0m[2m vehicles and compile[0m[2m a comprehensive report.[0m[2m{"query":"solid state battery companies QuantumScape Toyota Samsung SDI major players","page":1}[0m[2m{"query":"solid state battery technical challenges dendrite formation manufacturing scale","page":1}[0m[2m
  üß∞ call_8b465qiz | SearchInternetSearchInternetSearchInternet {"query":"solid state batteries electric vehicles 2024 2025 production commercial release","page":1}{"query":"solid state battery companies QuantumScape Toyota Samsung SDI major players","page":1}{"query":"solid state battery technical challenges dendrite formation manufacturing scale","page":1}
[0m[2m
  üî† call_8b465qiz | Return Unknown tool name: 'SearchInternetSearchInternetSearchInternet'. Available tools: 'Bash', 'AnalyzeCode', 'LS', 'Glob', 'Read', 'ReadMany', 'Write', 'WriteMany', 'Edit', 'Grep', 'AnalyzeFile', 'SearchInternet', 'OpenWebPage', 'ListZrbTasks', 'RunZrbTask', 'ActivateSkill', 'DelegateToAgent', 'ReadContextualNote', 'ReadLongTermNote', 'WriteContextualNote', 'WriteLongTermNote'
[0m[32m260215 10:02:36.141 1/3   üê∂ chat-process ‚¨§ [0m [1;31m[ERROR] Attempt 1/3 failed: status_code: 400, model_name: glm-4.7:cloud, body: {'message': 'invalid tool call arguments', 'type': 'invalid_request_error', 'param': None, 'code': None}[0m
[2m
  üß† The[0m[2m user is[0m[2m asking for a status[0m[2m update on solid[0m[2m state batteries,[0m[2m specifically for late[0m[2m 2024/early[0m[2m 2025 timeframe[0m[2m. They want information[0m[2m about:
     1.[0m[2m Market timeline[0m[2m for cars
     2[0m[2m. Key companies involved[0m[2m
     3. Main[0m[2m technical challenges[0m[2m
     
     This is a[0m[2m research task that requires[0m[2m gathering current information about[0m[2m battery[0m[2m technology. I should[0m[2m:[0m[2m
     
     1. First check[0m[2m my[0m[2m long-term memory for[0m[2m any existing[0m[2m information about[0m[2m solid[0m[2m state batteries
     2[0m[2m. Use the research[0m[2m skill to gather[0m[2m current information
     3[0m[2m. Compile[0m[2m the findings into a[0m[2m markdown report
     
     Let[0m[2m me start by checking[0m[2m my long-term memory[0m[2m, then activate[0m[2m the research skill to[0m[2m gather the[0m[2m latest information.[0m[2m
  üß∞ call_xyd1sk7v | ReadLongTermNote {}
[0m[2m
  üî† call_xyd1sk7v | Return User: Go Frendi, Principal Engineer at Bank Sinarmas, working on AI projects in bsim-llm-agent project
     
     ## User Preferences & Patterns:
     1. **Communication Style**: Technical, direct, no filler. Prefers concise, actionable responses.
     2. **Work Context**: Banking/financial sector AI projects, Python automation tools (zrb).
     3. **Technical Approach**: Values systematic methodology, evidence-based research, thorough analysis.
     4. **Project Focus**: Task automation, LLM integration, developer tooling.
     5. **Interaction Pattern**: Asks clarifying questions about system behavior, expects proactive memory management.
     
     ## Technical Preferences Observed:
     - Python-based tooling
     - Structured documentation (AGENTS.md style)
     - Research rigor with full content verification
     - Architectural thinking and pattern recognition
     
     ## Session Patterns:
     - Starts with clear objectives
     - Expects systematic workflow (research ‚Üí analysis ‚Üí execution)
     - Values transparency about system capabilities/limitations
[0m[2m
  üß† No[0m[2m existing information about solid[0m[2m state batteries in my[0m[2m long-term memory.[0m[2m I need to activate[0m[2m the research skill to[0m[2m gather current information about[0m[2m this[0m[2m topic. This[0m[2m is clearly[0m[2m a research task.[0m[2m
  üß∞ call_u7iz8lfw | ActivateSkill {'name': 'research'}
[0m[2m
  üî† call_u7iz8lfw | Return <ACTIVATED_SKILL>
     ---
     name: research
     description: Perform deep information gathering and analysis. Use when asked to find facts, compare technologies, or investigate complex topics.
     user-invocable: true
     ---
     # Skill: research
     When this skill is activated, you switch into **Analyst Mode**. Your goal is to provide a comprehensive, objective, and evidence-backed report.
     
     ## Workflow
     
     ### 1. Scope Definition
     - Identify the core questions that need answering.
     - List key terms and potential sources.
     - **CLARIFY**: If the research goal is broad, ask the user for specific areas of focus.
     
     ### 2. Information Gathering
     - **Discovery**: Use `SearchInternet` to find relevant URLs.
     - **Deep Dive**: You **MUST** use `OpenWebPage` to read the full content of source URLs. Never rely on snippets.
     - **Verification**: Cross-reference facts across multiple credible sources.
     
     ### 3. Analysis
     - Synthesize findings into a logical structure.
     - Identify patterns, trends, or conflicting information.
     - Evaluate source credibility.
     
     ### 4. Reporting
     Your report must include:
     - **Executive Summary**: Direct answer to the query.
     - **Key Findings**: Detailed, evidence-backed points.
     - **References**: A mandatory section listing all URLs and documents used.
     
     ## Research Standards
     - **Evidence-Based**: Every claim must have a corresponding source.
     - **Skeptical**: Question surface-level data.
     - **Transparent**: State what you don't know or where data is missing.
     
     **Note**: Aim for accuracy over speed. Stop only when you have enough evidence to be definitive.
     
     </ACTIVATED_SKILL>
[0m[2m
  üß† Good[0m[2m, the[0m[2m research skill is now[0m[2m activated. I need[0m[2m to gather information about[0m[2m solid state batteries for[0m[2m late 2024[0m[2m/2025.[0m[2m Let me start with[0m[2m some[0m[2m targeted searches to find[0m[2m recent[0m[2m information about:[0m[2m
     
     1. Market timeline[0m[2m for solid[0m[2m state batteries in[0m[2m cars
     2.[0m[2m Key companies involved[0m[2m
     3. Technical[0m[2m challenges
     
     I[0m[2m'll search[0m[2m for recent[0m[2m articles[0m[2m and reports about[0m[2m solid[0m[2m state battery commercial[0m[2mization.[0m[2m
  üß∞ call_yq6giarm | SearchInternet {'query': 'solid state batteries comm ...'}
[0m[2m
  üî† call_yq6giarm | Return {'type': 'search', 'query': {'original': 'solid state batteries commercialization 2024 2025 automotive cars timeline', 'show_strict_warning': False, 'is_navigational': False, 'is_news_breaking': False, 'spellcheck_off': True, 'country': 'us', 'bad_results': False, 'should_fallback': False, 'postal_code': '', 'city': '', 'header_country': '', 'more_results_available': True, 'state': ''}, 'mixed': {'type': 'mixed', 'main': [{'type': 'web', 'index': 0, 'all': False}, {'type': 'web', 'index': 1, 'all': False}, {'type': 'videos', 'all': True}, {'type': 'web', 'index': 2, 'all': False}, {'type': 'web', 'index': 3, 'all': False}, {'type': 'web', 'index': 4, 'all': False}, {'type': 'web', 'index': 5, 'all': False}, {'type': 'web', 'index': 6, 'all': False}, {'type': 'web', 'index': 7, 'all': False}, {'type': 'web', 'index': 8, 'all': False}, {'type': 'web', 'index': 9, 'all': False}, {'type': 'web', 'index': 10, 'all': False}, {'type': 'web', 'index': 11, 'all': False}, {'type': 'web', 'index': 12, 'all': False}, {'type': 'web', 'index': 13, 'all': False}, {'type': 'web', 'index': 14, 'all': False}, {'type': 'web', 'index': 15, 'all': False}, {'type': 'web', 'index': 16, 'all': False}, {'type': 'web', 'index': 17, 'all': False}, {'type': 'web', 'index': 18, 'all': False}, {'type': 'web', 'index': 19, 'all': False}], 'top': [], 'side': []}, 'videos': {'type': 'videos', 'results': [{'type': 'video_result', 'url': 'https://www.youtube.com/watch?v=mW1prmrLw_4', 'title': 'Solid-State batteries. Finally arrived? - YouTube', 'description': "Solid State batteries. Always just around the corner aren't they? Well, maybe not any more. There are now more than a dozen credible manufacturers who are ei...", 'age': 'November 9, 2025', 'page_age': '2025-11-09T18:00:04', 'fetched_content_timestamp': 1770884027, 'video': {'duration': '14:10', 'creator': 'Just Have a Think', 'publisher': 'YouTube'}, 'meta_url': {'scheme': 'https', 'netloc': 'youtube.com', 'hostname': 'www.youtube.com', 'favicon': 'https://imgs.search.brave.com/Wg4wjE5SHAargkzePU3eSLmWgVz84BEZk1SjSglJK_U/rs:fit:32:32:1:0/g:ce/aHR0cDovL2Zhdmlj/b25zLnNlYXJjaC5i/cmF2ZS5jb20vaWNv/bnMvOTkyZTZiMWU3/YzU3Nzc5YjExYzUy/N2VhZTIxOWNlYjM5/ZGVjN2MyZDY4Nzdh/ZDYzMTYxNmI5N2Rk/Y2Q3N2FkNy93d3cu/eW91dHViZS5jb20v', 'path': '‚Ä∫ watch'}, 'thumbnail': {'src': 'https://imgs.search.brave.com/aCoHktI-ZuhZoNoi13XXu95JdRr0O-zzXib7S6QzbWg/rs:fit:200:200:1:0/g:ce/aHR0cHM6Ly9pLnl0/aW1nLmNvbS92aS9t/VzFwcm1yTHdfNC9t/YXhyZXNkZWZhdWx0/LmpwZw', 'original': 'https://i.ytimg.com/vi/mW1prmrLw_4/maxresdefault.jpg'}}, {'type': 'video_result', 'url': 'https://www.youtube.com/watch?v=uspSYVssGXU&vl=en', 'title': 'How Close Are We to Solid-State Batteries? - YouTube', 'description': 'Solid-State Batteries: Hype vs. Reality. Take your personal data back with Incogni! Use code UNDECIDED at the link below and get 60% off an annual plan: http...', 'age': 'November 4, 2025', 'page_age': '2025-11-04T13:16:56', 'fetched_content_timestamp': 1771069991, 'video': {'duration': '16:12', 'creator': 'Undecided with Matt Ferrell', 'publisher': 'YouTube'}, 'meta_url': {'scheme': 'https', 'netloc': 'youtube.com', 'hostname': 'www.youtube.com', 'favicon': 'https://imgs.search.brave.com/Wg4wjE5SHAargkzePU3eSLmWgVz84BEZk1SjSglJK_U/rs:fit:32:32:1:0/g:ce/aHR0cDovL2Zhdmlj/b25zLnNlYXJjaC5i/cmF2ZS5jb20vaWNv/bnMvOTkyZTZiMWU3/YzU3Nzc5YjExYzUy/N2VhZTIxOWNlYjM5/ZGVjN2MyZDY4Nzdh/ZDYzMTYxNmI5N2Rk/Y2Q3N2FkNy93d3cu/eW91dHViZS5jb20v', 'path': '‚Ä∫ watch'}, 'thumbnail': {'src': 'https://imgs.search.brave.com/nR3TzyruyB64FCq4r7xSlRpL0mPpj6KqNS36AeXEwOw/rs:fit:200:200:1:0/g:ce/aHR0cHM6Ly9pLnl0/aW1nLmNvbS92aS91/c3BTWVZzc0dYVS9t/YXhyZXNkZWZhdWx0/LmpwZw', 'original': 'https://i.ytimg.com/vi/uspSYVssGXU/maxresdefault.jpg'}}, {'type': 'video_result', 'url': 'https://www.youtube.com/watch?v=suNUPGC2pwM', 'title': 'Solid State Batteries - FINALLY powering electric vehicles in ...', 'description': 'Enjoy the videos and music you love, upload original content, and share it all with friends, family, and the world on YouTube.', 'fetched_content_timestamp': 1724074605, 'video': {}, 'meta_url': {'scheme': 'https', 'netloc': 'youtube.com', 'hostname': 'www.youtube.com', 'favicon': 'https://imgs.search.brave.com/Wg4wjE5SHAargkzePU3eSLmWgVz84BEZk1SjSglJK_U/rs:fit:32:32:1:0/g:ce/aHR0cDovL2Zhdmlj/b25zLnNlYXJjaC5i/cmF2ZS5jb20vaWNv/bnMvOTkyZTZiMWU3/YzU3Nzc5YjExYzUy/N2VhZTIxOWNlYjM5/ZGVjN2MyZDY4Nzdh/ZDYzMTYxNmI5N2Rk/Y2Q3N2FkNy93d3cu/eW91dHViZS5jb20v', 'path': '‚Ä∫ watch'}, 'thumbnail': {'src': 'https://imgs.search.brave.com/Z55vxKFnAmu-WxuxcXMaMAqeeooK0hcwwl0cOX4Rip0/rs:fit:200:200:1:0/g:ce/aHR0cHM6Ly9pLnl0/aW1nLmNvbS92aS9z/dU5VUEdDMnB3TS9o/cWRlZmF1bHQuanBn', 'original': 'https://i.ytimg.com/vi/suNUPGC2pwM/hqdefault.jpg'}}, {'type': 'video_result', 'url': 'https://www.youtube.com/watch?v=0GW_pkZaZKg', 'title': 'Chinese Expert Reveals the Truth about Solid State Battery Mass ...', 'description': 'A leading Chinese battery expert reveals the truth about the challenges and breakthroughs in solid-state battery mass production, a technology that could rev...', 'age': 'July 21, 2025', 'page_age': '2025-07-21T19:45:01', 'fetched_content_timestamp': 1770960841, 'video': {'duration': '10:43', 'creator': 'The Electric Viking', 'publisher': 'YouTube'}, 'meta_url': {'scheme': 'https', 'netloc': 'youtube.com', 'hostname': 'www.youtube.com', 'favicon': 'https://imgs.search.brave.com/Wg4wjE5SHAargkzePU3eSLmWgVz84BEZk1SjSglJK_U/rs:fit:32:32:1:0/g:ce/aHR0cDovL2Zhdmlj/b25zLnNlYXJjaC5i/cmF2ZS5jb20vaWNv/bnMvOTkyZTZiMWU3/YzU3Nzc5YjExYzUy/N2VhZTIxOWNlYjM5/ZGVjN2MyZDY4Nzdh/ZDYzMTYxNmI5N2Rk/Y2Q3N2FkNy93d3cu/eW91dHViZS5jb20v', 'path': '‚Ä∫ watch'}, 'thumbnail': {'src': 'https://imgs.search.brave.com/eTDd415JzOb6Tk-85zq2fkoOppVHxd9BT-XZWtT_BLw/rs:fit:200:200:1:0/g:ce/aHR0cHM6Ly9pLnl0/aW1nLmNvbS92aS8w/R1dfcGtaYVpLZy9t/YXhyZXNkZWZhdWx0/LmpwZw', 'original': 'https://i.ytimg.com/vi/0GW_pkZaZKg/maxresdefault.jpg'}}, {'type': 'video_result', 'url': 'https://www.youtube.com/watch?v=BOD63y3vW54', 'title': 'Are Solid-State Batteries Finally Real? The Truth Behind the Hype ...', 'description': 'Solid-state batteries have been promised for over a decade, but constant delays and shifting definitions have left many people frustrated and confused. Now, ...', 'age': 'December 4, 2025', 'page_age': '2025-12-04T21:30:02', 'fetched_content_timestamp': 1764984891, 'video': {'duration': '10:36', 'creator': 'The Forge Empire', 'publisher': 'YouTube'}, 'meta_url': {'scheme': 'https', 'netloc': 'youtube.com', 'hostname': 'www.youtube.com', 'favicon': 'https://imgs.search.brave.com/Wg4wjE5SHAargkzePU3eSLmWgVz84BEZk1SjSglJK_U/rs:fit:32:32:1:0/g:ce/aHR0cDovL2Zhdmlj/b25zLnNlYXJjaC5i/cmF2ZS5jb20vaWNv/bnMvOTkyZTZiMWU3/YzU3Nzc5YjExYzUy/N2VhZTIxOWNlYjM5/ZGVjN2MyZDY4Nzdh/ZDYzMTYxNmI5N2Rk/Y2Q3N2FkNy93d3cu/eW91dHViZS5jb20v', 'path': '‚Ä∫ watch'}, 'thumbnail': {'src': 'https://imgs.search.brave.com/48xvEumn43kW_MqaLMqJ6biVnUHTN77jgjiYIz5M4vY/rs:fit:200:200:1:0/g:ce/aHR0cHM6Ly9pLnl0/aW1nLmNvbS92aS9C/T0Q2M3kzdlc1NC9t/YXhyZXNkZWZhdWx0/LmpwZw', 'original': 'https://i.ytimg.com/vi/BOD63y3vW54/maxresdefault.jpg'}}, {'type': 'video_result', 'url': 'https://www.youtube.com/watch?v=c8aHDqWgeuU&vl=en', 'title': 'Solid-State Batteries EXPOSED: The 800-Mile EV Claim‚Ä¶ and the ...', 'description': 'Headlines promise eight-hundred-mile EVs and ‚Äúrevolutionary‚Äù solid-state batteries, but late 2025 is here, and the big breakthroughs still feel just out of r...', 'age': 'December 29, 2025', 'page_age': '2025-12-29T18:15:03', 'fetched_content_timestamp': 1767105762, 'video': {'duration': '11:45', 'creator': 'The Forge Empire', 'publisher': 'YouTube'}, 'meta_url': {'scheme': 'https', 'netloc': 'youtube.com', 'hostname': 'www.youtube.com', 'favicon': 'https://imgs.search.brave.com/Wg4wjE5SHAargkzePU3eSLmWgVz84BEZk1SjSglJK_U/rs:fit:32:32:1:0/g:ce/aHR0cDovL2Zhdmlj/b25zLnNlYXJjaC5i/cmF2ZS5jb20vaWNv/bnMvOTkyZTZiMWU3/YzU3Nzc5YjExYzUy/N2VhZTIxOWNlYjM5/ZGVjN2MyZDY4Nzdh/ZDYzMTYxNmI5N2Rk/Y2Q3N2FkNy93d3cu/eW91dHViZS5jb20v', 'path': '‚Ä∫ watch'}, 'thumbnail': {'src': 'https://imgs.search.brave.com/zn3VY5i-NTL7C8pi290XPONXgPQ9LFPkv86e_WyTjFk/rs:fit:200:200:1:0/g:ce/aHR0cHM6Ly9pLnl0/aW1nLmNvbS92aS9j/OGFIRHFXZ2V1VS9t/YXhyZXNkZWZhdWx0/LmpwZw', 'original': 'https://i.ytimg.com/vi/c8aHDqWgeuU/maxresdefault.jpg'}}], 'mutated_by_goggles': False}, 'web': {'type': 'search', 'results': [{'title': 'A Solid-State Motorcycle Is Coming. These Current And Future EVs Have Solid-State Batteries', 'url': 'https://insideevs.com/news/771402/every-solid-state-battery-ev/', 'is_source_local': False, 'is_source_both': False, 'description': 'Like Toyota and Honda, Nissan is also working on solid-state batteries in-house. Executives from the company even told InsideEVs in April that they‚Äôre planning commercialization <strong>by the end of fiscal year 2028</strong>.', 'page_age': '2025-09-07T13:00:25', 'profile': {'name': 'InsideEVs', 'url': 'https://insideevs.com/news/771402/every-solid-state-battery-ev/', 'long_name': 'insideevs.com', 'img': 'https://imgs.search.brave.com/UP9WwpGk-uPSIOB9ARRd-BxaWHK7w063OFvOvdT-sZg/rs:fit:32:32:1:0/g:ce/aHR0cDovL2Zhdmlj/b25zLnNlYXJjaC5i/cmF2ZS5jb20vaWNv/bnMvZDFmNTE3OWNi/ZWQxYjc5Mzg5NGJm/ZGE0Nzg0MWUwZGIx/NzY0YTBlZTY1MDAz/MzI1ZmEwNDY1NzYy/NTExMjc2MC9pbnNp/ZGVldnMuY29tLw'}, 'language': 'en', 'family_friendly': True, 'type': 'search_result', 'subtype': 'article', 'is_live': False, 'meta_url': {'scheme': 'https', 'netloc': 'insideevs.com', 'hostname': 'insideevs.com', 'favicon': 'https://imgs.search.brave.com/UP9WwpGk-uPSIOB9ARRd-BxaWHK7w063OFvOvdT-sZg/rs:fit:32:32:1:0/g:ce/aHR0cDovL2Zhdmlj/b25zLnNlYXJjaC5i/cmF2ZS5jb20vaWNv/bnMvZDFmNTE3OWNi/ZWQxYjc5Mzg5NGJm/ZGE0Nzg0MWUwZGIx/NzY0YTBlZTY1MDAz/MzI1ZmEwNDY1NzYy/NTExMjc2MC9pbnNp/ZGVldnMuY29tLw', 'path': '  ‚Ä∫ home  ‚Ä∫ news  ‚Ä∫ battery tech'}, 'thumbnail': {'src': 'https://imgs.search.brave.com/4OrgHLJVnrSXUbUpl-NHbmlTg7t_ERD1zI3IxfgdRD0/rs:fit:200:200:1:0/g:ce/aHR0cHM6Ly9jZG4u/bW90b3IxLmNvbS9p/bWFnZXMvbWdsL1hC/Nmt5Vi9zMS9tZXJj/ZWRlcy1lcXMtd2l0/aC1zb2xpZC1zdGF0/ZS1iYXR0ZXJpZXMu/d2VicA', 'original': 'https://cdn.motor1.com/images/mgl/XB6kyV/s1/mercedes-eqs-with-solid-state-batteries.webp', 'logo': False}, 'age': 'September 7, 2025'}, {'title': '20 companies‚Äô solid-state battery mass production ‚Äútimetable‚Äù - EnergyTrend', 'url': 'https://www.energytrend.com/news/20240716-47888.html', 'is_source_local': False, 'is_source_both': False, 'description': '... In November 2023, Dongfeng Nissan released a new strategy. Its planning path for all-solid-state batteries is to <strong>launch a pilot factory in 2024 and mass-produce it before 2028</strong>.', 'profile': {'name': 'Energytrend', 'url': 'https://www.energytrend.com/news/20240716-47888.html', 'long_name': 'energytrend.com', 'img': 'https://imgs.search.brave.com/brwUoC4-ItVOfSE5xiOy9B9uB7fKuEzQi5k5u_DoTDI/rs:fit:32:32:1:0/g:ce/aHR0cDovL2Zhdmlj/b25zLnNlYXJjaC5i/cmF2ZS5jb20vaWNv/bnMvY2VjMTJhMmJj/NjFkNmZkZWJmMGI4/YWE3ZDU2MDRjMzA5/ZjgyYTI1NjU2NWJj/YzU0Mjg1ODU0NjZk/Y2Q1MDlkZi93d3cu/ZW5lcmd5dHJlbmQu/Y29tLw'}, 'language': 'en', 'family_friendly': True, 'type': 'search_result', 'subtype': 'generic', 'is_live': False, 'meta_url': {'scheme': 'https', 'netloc': 'energytrend.com', 'hostname': 'www.energytrend.com', 'favicon': 'https://imgs.search.brave.com/brwUoC4-ItVOfSE5xiOy9B9uB7fKuEzQi5k5u_DoTDI/rs:fit:32:32:1:0/g:ce/aHR0cDovL2Zhdmlj/b25zLnNlYXJjaC5i/cmF2ZS5jb20vaWNv/bnMvY2VjMTJhMmJj/NjFkNmZkZWJmMGI4/YWE3ZDU2MDRjMzA5/ZjgyYTI1NjU2NWJj/YzU0Mjg1ODU0NjZk/Y2Q1MDlkZi93d3cu/ZW5lcmd5dHJlbmQu/Y29tLw', 'path': '‚Ä∫ news  ‚Ä∫ 20240716-47888.html'}, 'thumbnail': {'src': 'https://imgs.search.brave.com/ngU_J4Ekvs7BFH6kAv0saQGGHfPCYaW9YYZyb-6V08U/rs:fit:200:200:1:0/g:ce/aHR0cHM6Ly93d3cu/ZW5lcmd5dHJlbmQu/Y29tL3dwLWNvbnRl/bnQvdGhlbWVzL3R3/ZW50eXR3ZWx2ZS9p/bWFnZXMvZXRfbG9n/b19mb3JGQl80MDB4/NDAwLmpwZw', 'original': 'https://www.energytrend.com/wp-content/themes/twentytwelve/images/et_logo_forFB_400x400.jpg', 'logo': True}}, {'title': 'Solid State Batteries: Complete Guide To Technology, Benefits & Timeline [2025]', 'url': 'https://solartechonline.com/blog/solid-state-batteries-complete-guide/', 'is_source_local': False, 'is_source_both': False, 'description': 'Automotive Timeline Acceleration: Major automakers including Toyota, Honda, and Mercedes-Benz have committed to solid state battery deployment <strong>between 2027-2030</strong>, with Toyota‚Äôs aggressive 2027-2028 target representing the most ambitious commercial ...', 'page_age': '2025-12-08T00:13:43', 'profile': {'name': 'SolarTech', 'url': 'https://solartechonline.com/blog/solid-state-batteries-complete-guide/', 'long_name': 'solartechonline.com', 'img': 'https://imgs.search.brave.com/Kj78xY9azyfBf_68pd49MwiqXR4LIQRXbzSqKhPY5ro/rs:fit:32:32:1:0/g:ce/aHR0cDovL2Zhdmlj/b25zLnNlYXJjaC5i/cmF2ZS5jb20vaWNv/bnMvZWU1MWY3YjE0/NGM3NmRmNGY4ZGFh/Y2FlYjk4MDk0YjM3/NTk4YjAxYWJmNDRh/ZGY4YjliY2NiZDFi/OTZmODVkNi9zb2xh/cnRlY2hvbmxpbmUu/Y29tLw'}, 'language': 'en', 'family_friendly': True, 'type': 'search_result', 'subtype': 'location', 'is_live': False, 'meta_url': {'scheme': 'https', 'netloc': 'solartechonline.com', 'hostname': 'solartechonline.com', 'favicon': 'https://imgs.search.brave.com/Kj78xY9azyfBf_68pd49MwiqXR4LIQRXbzSqKhPY5ro/rs:fit:32:32:1:0/g:ce/aHR0cDovL2Zhdmlj/b25zLnNlYXJjaC5i/cmF2ZS5jb20vaWNv/bnMvZWU1MWY3YjE0/NGM3NmRmNGY4ZGFh/Y2FlYjk4MDk0YjM3/NTk4YjAxYWJmNDRh/ZGY4YjliY2NiZDFi/OTZmODVkNi9zb2xh/cnRlY2hvbmxpbmUu/Y29tLw', 'path': '  ‚Ä∫ home  ‚Ä∫ 2025-b  ‚Ä∫ solid state batteries: the complete guide to next-generation energy storage technology [2025]'}, 'thumbnail': {'src': 'https://imgs.search.brave.com/xC0N8GkMYMxHPJUj3rJZmLYdYuz4zgRIaWcalWolyn0/rs:fit:200:200:1:0/g:ce/aHR0cHM6Ly9zb2xh/cnRlY2hvbmxpbmUu/Y29tL3dwLWNvbnRl/bnQvdXBsb2Fkcy8y/MDI0LzA1L1NvbGFy/VGVjaC1TYW4tRGll/Z28tNjAwdy5wbmc', 'original': 'https://solartechonline.com/wp-content/uploads/2024/05/SolarTech-San-Diego-600w.png', 'logo': False}, 'age': 'December 8, 2025'}, {'title': 'Solid-State Battery Commercialization: Mass Production Taking Off | IDTechEx Research Article', 'url': 'https://www.idtechex.com/en/research-article/solid-state-battery-commercialization-mass-production-taking-off/32942', 'is_source_local': False, 'is_source_both': False, 'description': '<strong>Hyundai Motor Company is building a demonstration production line for solid-state batteries and plans to trial-produce electric vehicles equipped with these batteries by 2025</strong>. Partial mass production is expected by 2027, with full-scale operations ...', 'page_age': '2025-05-15T00:00:00', 'profile': {'name': 'IDTechEx', 'url': 'https://www.idtechex.com/en/research-article/solid-state-battery-commercialization-mass-production-taking-off/32942', 'long_name': 'idtechex.com', 'img': 'https://imgs.search.brave.com/5YPV-2408RbcuH13q5PCjrH9MGZ6Gs8dSnv11yG9lyw/rs:fit:32:32:1:0/g:ce/aHR0cDovL2Zhdmlj/b25zLnNlYXJjaC5i/cmF2ZS5jb20vaWNv/bnMvOTk3ODE5YjVh/NzFkODNjMDAxOGQ1/NTc3NmI0MDFlNjU1/ZjYxOGVjZjIwNjY3/ZjczZTlkOGEzMTEy/ODQ4N2JjMC93d3cu/aWR0ZWNoZXguY29t/Lw'}, 'language': 'en', 'family_friendly': True, 'type': 'search_result', 'subtype': 'article', 'is_live': False, 'meta_url': {'scheme': 'https', 'netloc': 'idtechex.com', 'hostname': 'www.idtechex.com', 'favicon': 'https://imgs.search.brave.com/5YPV-2408RbcuH13q5PCjrH9MGZ6Gs8dSnv11yG9lyw/rs:fit:32:32:1:0/g:ce/aHR0cDovL2Zhdmlj/b25zLnNlYXJjaC5i/cmF2ZS5jb20vaWNv/bnMvOTk3ODE5YjVh/NzFkODNjMDAxOGQ1/NTc3NmI0MDFlNjU1/ZjYxOGVjZjIwNjY3/ZjczZTlkOGEzMTEy/ODQ4N2JjMC93d3cu/aWR0ZWNoZXguY29t/Lw', 'path': '‚Ä∫ en  ‚Ä∫ research-article  ‚Ä∫ solid-state-battery-commercialization-mass-production-taking-off  ‚Ä∫ 32942'}, 'thumbnail': {'src': 'https://imgs.search.brave.com/S0uDjoVmoRKi2W3AzvZU5otj3lpAh81RkYlP-i8n9u4/rs:fit:200:200:1:0/g:ce/aHR0cHM6Ly9pZHR4/czMuaW1naXgubmV0/L3NpLzQwMDAwL0ZG/L0YwLnBuZz93PTEy/MDAmaD05MDAmZml0/PWZpbGwmYmc9ZmZm/ZmZmJmJvcmRlcj0w', 'original': 'https://idtxs3.imgix.net/si/40000/FF/F0.png?w=1200&h=900&fit=fill&bg=ffffff&border=0', 'logo': False}, 'age': 'May 15, 2025'}, {'title': 'Top 10: Solid State EV Battery Manufacturers | EV Magazine', 'url': 'https://evmagazine.com/top10/top-10-solid-state-ev-battery-manufacturers', 'is_source_local': False, 'is_source_both': False, 'description': 'With <strong>46-Series batteries launching in 2024</strong> and solid-state mass production targeted for 2030, LG Energy Solution continues to pioneer sustainable, high-performance energy solutions for global mobility.', 'page_age': '2025-11-05T09:00:44', 'profile': {'name': 'Evmagazine', 'url': 'https://evmagazine.com/top10/top-10-solid-state-ev-battery-manufacturers', 'long_name': 'evmagazine.com', 'img': 'https://imgs.search.brave.com/O09V7eJzPIuK9n4trr9GfnBa8r5N-E53fu7do5WVp68/rs:fit:32:32:1:0/g:ce/aHR0cDovL2Zhdmlj/b25zLnNlYXJjaC5i/cmF2ZS5jb20vaWNv/bnMvNmY3MGUzYTk4/NDhhYTk1NGQ5NDg4/MDRiMjVlZTQ0NDgw/ZThjZmZhMzYxM2Uw/ZTBmZTJiYzNjYWQ1/YmI5YjYzNy9ldm1h/Z2F6aW5lLmNvbS8'}, 'language': 'en', 'family_friendly': True, 'type': 'search_result', 'subtype': 'article', 'is_live': False, 'meta_url': {'scheme': 'https', 'netloc': 'evmagazine.com', 'hostname': 'evmagazine.com', 'favicon': 'https://imgs.search.brave.com/O09V7eJzPIuK9n4trr9GfnBa8r5N-E53fu7do5WVp68/rs:fit:32:32:1:0/g:ce/aHR0cDovL2Zhdmlj/b25zLnNlYXJjaC5i/cmF2ZS5jb20vaWNv/bnMvNmY3MGUzYTk4/NDhhYTk1NGQ5NDg4/MDRiMjVlZTQ0NDgw/ZThjZmZhMzYxM2Uw/ZTBmZTJiYzNjYWQ1/YmI5YjYzNy9ldm1h/Z2F6aW5lLmNvbS8', 'path': '‚Ä∫ top10  ‚Ä∫ top-10-solid-state-ev-battery-manufacturers'}, 'thumbnail': {'src': 'https://imgs.search.brave.com/GiRAu-6P15YVKflIRiAclvfPecr9-FfvA0cu0Tld9SM/rs:fit:200:200:1:0/g:ce/aHR0cHM6Ly9hc3Nl/dHMuYml6Y2xpa21l/ZGlhLm5ldC8xMjAw/LzI3M2ZjYzZhODYy/YWYxMTFmNDhjYWY1/MzY3MGNlYTkxOmQx/YzljZGZjZmYyYjRk/ZmEzN2FlMmY0M2Mw/ZWNkYjE1L2V2LXRv/cDEwLWJhdHRlcmll/cy1jbXMtbm92MDI1/LmpwZy5qcGc', 'original': 'https://assets.bizclikmedia.net/1200/273fcc6a862af111f48caf53670cea91:d1c9cdfcff2b4dfa37ae2f43c0ecdb15/ev-top10-batteries-cms-nov025.jpg.jpg', 'logo': False}, 'age': 'November 5, 2025'}, {'title': 'When Will Solid-State Batteries Enter Commercial Production?', 'url': 'https://interactanalysis.com/insight/when-will-solid-state-batteries-enter-commercial-production/', 'is_source_local': False, 'is_source_both': False, 'description': 'Japanese companies Nissan and Panasonic, and South Korean company SK plan to commercialize solid-state batteries <strong>by 2029</strong>. Nissan is currently constructing a pilot factory in Yokohama, with plans to produce its first batch of solid-state batteries ...', 'page_age': '2024-08-27T10:08:52', 'profile': {'name': 'Interact Analysis', 'url': 'https://interactanalysis.com/insight/when-will-solid-state-batteries-enter-commercial-production/', 'long_name': 'interactanalysis.com', 'img': 'https://imgs.search.brave.com/cn5wyknrJG_b3KSbPpHIfaw1RgDPDCNcq-XLZrOZKd4/rs:fit:32:32:1:0/g:ce/aHR0cDovL2Zhdmlj/b25zLnNlYXJjaC5i/cmF2ZS5jb20vaWNv/bnMvNzJjNDA0OGUw/MzU1ZDc4M2EwN2U1/MzgwNzFmZDY3OTYw/OTBkZWFkYzRlOTc3/Y2VmZDFjMTQzZDE4/MWMzM2E5YS9pbnRl/cmFjdGFuYWx5c2lz/LmNvbS8'}, 'language': 'en', 'family_friendly': True, 'type': 'search_result', 'subtype': 'generic', 'is_live': False, 'meta_url': {'scheme': 'https', 'netloc': 'interactanalysis.com', 'hostname': 'interactanalysis.com', 'favicon': 'https://imgs.search.brave.com/cn5wyknrJG_b3KSbPpHIfaw1RgDPDCNcq-XLZrOZKd4/rs:fit:32:32:1:0/g:ce/aHR0cDovL2Zhdmlj/b25zLnNlYXJjaC5i/cmF2ZS5jb20vaWNv/bnMvNzJjNDA0OGUw/MzU1ZDc4M2EwN2U1/MzgwNzFmZDY3OTYw/OTBkZWFkYzRlOTc3/Y2VmZDFjMTQzZDE4/MWMzM2E5YS9pbnRl/cmFjdGFuYWx5c2lz/LmNvbS8', 'path': '  ‚Ä∫ home  ‚Ä∫ when will solid-state batteries enter commercial production?'}, 'thumbnail': {'src': 'https://imgs.search.brave.com/yDBJW3DVneSUhYxuWZoMNGjh46pkh5mHI496TVmKUOc/rs:fit:200:200:1:0/g:ce/aHR0cHM6Ly9pbnRl/cmFjdGFuYWx5c2lz/LmNvbS93cC1jb250/ZW50L3VwbG9hZHMv/c2h1dHRlcnN0b2Nr/XzIxOTY4NDU5Njkt/cy5qcGc', 'original': 'https://interactanalysis.com/wp-content/uploads/shutterstock_2196845969-s.jpg', 'logo': False}, 'age': 'August 27, 2024'}, {'title': "Are Solid-State Batteries the Future. It's Starting To Look Like It", 'url': 'https://carbuzz.com/the-latest-solid-state-battery-developments/', 'is_source_local': False, 'is_source_both': False, 'description': '<strong>At the end of 2024</strong>, a lithium-metal solid-state battery was successfully installed in a slightly modified Mercedes-Benz EQS, which began laboratory testing shortly after in preparation for road tests scheduled to start at the beginning of 2025.', 'page_age': '2025-12-26T02:16:11', 'profile': {'name': 'CarBuzz', 'url': 'https://carbuzz.com/the-latest-solid-state-battery-developments/', 'long_name': 'carbuzz.com', 'img': 'https://imgs.search.brave.com/iXBrDXSZy3V93138Ky4tdNnCmvBBaolfPa71UTsQFIA/rs:fit:32:32:1:0/g:ce/aHR0cDovL2Zhdmlj/b25zLnNlYXJjaC5i/cmF2ZS5jb20vaWNv/bnMvMTA0ZGRmNDRi/OTJjZGQ0YTU1YzQ3/NzhlMmIzMmQ5MGQ2/NmU5YjNhY2ExZTY1/NmM4ZWQzM2I1MjI2/NDk1NThhYS9jYXJi/dXp6LmNvbS8'}, 'language': 'en', 'family_friendly': True, 'type': 'search_result', 'subtype': 'article', 'is_live': False, 'meta_url': {'scheme': 'https', 'netloc': 'carbuzz.com', 'hostname': 'carbuzz.com', 'favicon': 'https://imgs.search.brave.com/iXBrDXSZy3V93138Ky4tdNnCmvBBaolfPa71UTsQFIA/rs:fit:32:32:1:0/g:ce/aHR0cDovL2Zhdmlj/b25zLnNlYXJjaC5i/cmF2ZS5jb20vaWNv/bnMvMTA0ZGRmNDRi/OTJjZGQ0YTU1YzQ3/NzhlMmIzMmQ5MGQ2/NmU5YjNhY2ExZTY1/NmM4ZWQzM2I1MjI2/NDk1NThhYS9jYXJi/dXp6LmNvbS8', 'path': '  ‚Ä∫ home  ‚Ä∫ electric vehicles  ‚Ä∫ the latest solid-state battery developments you need to know about'}, 'thumbnail': {'src': 'https://imgs.search.brave.com/EFHotEyLupd5HjcdJbwIl3YAG-0X6ieRc1A4R1tCHDM/rs:fit:200:200:1:0/g:ce/aHR0cHM6Ly9zdGF0/aWMwLmNhcmJ1enpp/bWFnZXMuY29tL3dv/cmRwcmVzcy93cC1j/b250ZW50L3VwbG9h/ZHMvMjAyNS8wMi9j/cm9wcGVkLTI1YzAw/MzZfMDA4LmpwZz93/PTE2MDAmaD05MDAm/Zml0PWNyb3A', 'original': 'https://static0.carbuzzimages.com/wordpress/wp-content/uploads/2025/02/cropped-25c0036_008.jpg?w=1600&h=900&fit=crop', 'logo': False}, 'age': 'December 26, 2025'}, {'title': 'Production Timelines for 14 Solid-State Batteries', 'url': 'https://www.batterytechonline.com/market-analysis/production-timelines-for-14-upcoming-solid-state-batteries', 'is_source_local': False, 'is_source_both': False, 'description': 'First commercialization (<strong>2027‚Äì2028)</strong>.', 'profile': {'name': 'Battery Technology', 'url': 'https://www.batterytechonline.com/market-analysis/production-timelines-for-14-upcoming-solid-state-batteries', 'long_name': 'batterytechonline.com', 'img': 'https://imgs.search.brave.com/M4W8DFLE-oWM6sUQ3MKDQZ5pD2E27CxExLARTxHwmuQ/rs:fit:32:32:1:0/g:ce/aHR0cDovL2Zhdmlj/b25zLnNlYXJjaC5i/cmF2ZS5jb20vaWNv/bnMvNjIxNzZhN2Ni/MmViYzhjMjFkMzNl/NGZlODYzNGYyYTA4/ZmQ1MTQyNThjZDAx/NmE2YWE0ODY1ZTM2/YTA3MWQ4ZC93d3cu/YmF0dGVyeXRlY2hv/bmxpbmUuY29tLw'}, 'language': 'en', 'family_friendly': True, 'type': 'search_result', 'subtype': 'generic', 'is_live': False, 'meta_url': {'scheme': 'https', 'netloc': 'batterytechonline.com', 'hostname': 'www.batterytechonline.com', 'favicon': 'https://imgs.search.brave.com/M4W8DFLE-oWM6sUQ3MKDQZ5pD2E27CxExLARTxHwmuQ/rs:fit:32:32:1:0/g:ce/aHR0cDovL2Zhdmlj/b25zLnNlYXJjaC5i/cmF2ZS5jb20vaWNv/bnMvNjIxNzZhN2Ni/MmViYzhjMjFkMzNl/NGZlODYzNGYyYTA4/ZmQ1MTQyNThjZDAx/NmE2YWE0ODY1ZTM2/YTA3MWQ4ZC93d3cu/YmF0dGVyeXRlY2hv/bmxpbmUuY29tLw', 'path': '  ‚Ä∫ home  ‚Ä∫ market analysis'}, 'thumbnail': {'src': 'https://imgs.search.brave.com/nydEcW6SwHnyq_Z5mq_wc9WEX9dLtBNQcUx5cbBjFhY/rs:fit:200:200:1:0/g:ce/aHR0cHM6Ly9ldS1p/bWFnZXMuY29udGVu/dHN0YWNrLmNvbS92/My9hc3NldHMvYmx0/YjI5OTc5ODk0MjUy/MjA2OS9ibHQzZjQy/ODRiZDJkNzY2ZjI3/LzY5NzNiYjkxMTQ0/ZjFiNzI3YTU0Y2Y4/ZS9CTVctaTdfd2l0/aC1Tb2xpZFBvd2Vy/LUFTU0IuanBnP2Rp/c2FibGU9dXBzY2Fs/ZSZ3aWR0aD0xMjAw/JmhlaWdodD02MzAm/Zml0PWNyb3A', 'original': 'https://eu-images.contentstack.com/v3/assets/bltb299798942522069/blt3f4284bd2d766f27/6973bb91144f1b727a54cf8e/BMW-i7_with-SolidPower-ASSB.jpg?disable=upscale&width=1200&height=630&fit=crop', 'logo': False}}, {'title': 'SK On Speeds Up Solid-State Battery Timeline', 'url': 'https://www.batterytechonline.com/automotive-mobility/sk-on-accelerates-solid-state-ev-battery-timeline-targets-2029-commercialization', 'is_source_local': False, 'is_source_both': False, 'description': 'SK On opens pilot plant for solid-state batteries, <strong>accelerates commercialization to 2029</strong>. New tech promises higher energy density and improved performance', 'page_age': '2025-09-16T16:01:16', 'profile': {'name': 'Battery Technology', 'url': 'https://www.batterytechonline.com/automotive-mobility/sk-on-accelerates-solid-state-ev-battery-timeline-targets-2029-commercialization', 'long_name': 'batterytechonline.com', 'img': 'https://imgs.search.brave.com/M4W8DFLE-oWM6sUQ3MKDQZ5pD2E27CxExLARTxHwmuQ/rs:fit:32:32:1:0/g:ce/aHR0cDovL2Zhdmlj/b25zLnNlYXJjaC5i/cmF2ZS5jb20vaWNv/bnMvNjIxNzZhN2Ni/MmViYzhjMjFkMzNl/NGZlODYzNGYyYTA4/ZmQ1MTQyNThjZDAx/NmE2YWE0ODY1ZTM2/YTA3MWQ4ZC93d3cu/YmF0dGVyeXRlY2hv/bmxpbmUuY29tLw'}, 'language': 'en', 'family_friendly': True, 'type': 'search_result', 'subtype': 'article', 'is_live': False, 'meta_url': {'scheme': 'https', 'netloc': 'batterytechonline.com', 'hostname': 'www.batterytechonline.com', 'favicon': 'https://imgs.search.brave.com/M4W8DFLE-oWM6sUQ3MKDQZ5pD2E27CxExLARTxHwmuQ/rs:fit:32:32:1:0/g:ce/aHR0cDovL2Zhdmlj/b25zLnNlYXJjaC5i/cmF2ZS5jb20vaWNv/bnMvNjIxNzZhN2Ni/MmViYzhjMjFkMzNl/NGZlODYzNGYyYTA4/ZmQ1MTQyNThjZDAx/NmE2YWE0ODY1ZTM2/YTA3MWQ4ZC93d3cu/YmF0dGVyeXRlY2hv/bmxpbmUuY29tLw', 'path': '  ‚Ä∫ home  ‚Ä∫ automotive & mobility'}, 'thumbnail': {'src': 'https://imgs.search.brave.com/KlqQHgng2Vd9EgqeeQoOeg_tbrX-wQMsZOLKEcknAm8/rs:fit:200:200:1:0/g:ce/aHR0cHM6Ly9ldS1p/bWFnZXMuY29udGVu/dHN0YWNrLmNvbS92/My9hc3NldHMvYmx0/YjI5OTc5ODk0MjUy/MjA2OS9ibHQwYTQ2/ODUxOWNjNjY4NTE5/LzY4Yzk4NjIwMjU0/ZTExZmJhMjhmYzIw/Mi9TS19vbl9TU0Jf/cGlsb3RfcGxhbnQu/anBn', 'original': 'https://eu-images.contentstack.com/v3/assets/bltb299798942522069/blt0a468519cc668519/68c98620254e11fba28fc202/SK_on_SSB_pilot_plant.jpg', 'logo': False}, 'age': 'September 16, 2025'}, {'title': 'r/electricvehicles on Reddit: Are there any prototype EVs with ACTUAL solid state batteries?', 'url': 'https://www.reddit.com/r/electricvehicles/comments/1o4m72s/are_there_any_prototype_evs_with_actual_solid/', 'is_source_local': False, 'is_source_both': False, 'description': 'Last year Beijing allocated $840 ... All-Solid-State Battery Collaborative Innovation Platform (CASIP), was established in <strong>January 2024</strong> to create a supply chain for solid-state batteries by 2030....', 'page_age': '2025-10-12T11:02:51', 'profile': {'name': 'Reddit', 'url': 'https://www.reddit.com/r/electricvehicles/comments/1o4m72s/are_there_any_prototype_evs_with_actual_solid/', 'long_name': 'reddit.com', 'img': 'https://imgs.search.brave.com/U-eHNCapRHVNWWCVPPMTIvOofZULh0_A_FQKe8xTE4I/rs:fit:32:32:1:0/g:ce/aHR0cDovL2Zhdmlj/b25zLnNlYXJjaC5i/cmF2ZS5jb20vaWNv/bnMvN2ZiNTU0M2Nj/MTFhZjRiYWViZDlk/MjJiMjBjMzFjMDRk/Y2IzYWI0MGI0MjVk/OGY5NzQzOGQ5NzQ5/NWJhMWI0NC93d3cu/cmVkZGl0LmNvbS8'}, 'language': 'en', 'family_friendly': True, 'type': 'search_result', 'subtype': 'qa', 'is_live': False, 'meta_url': {'scheme': 'https', 'netloc': 'reddit.com', 'hostname': 'www.reddit.com', 'favicon': 'https://imgs.search.brave.com/U-eHNCapRHVNWWCVPPMTIvOofZULh0_A_FQKe8xTE4I/rs:fit:32:32:1:0/g:ce/aHR0cDovL2Zhdmlj/b25zLnNlYXJjaC5i/cmF2ZS5jb20vaWNv/bnMvN2ZiNTU0M2Nj/MTFhZjRiYWViZDlk/MjJiMjBjMzFjMDRk/Y2IzYWI0MGI0MjVk/OGY5NzQzOGQ5NzQ5/NWJhMWI0NC93d3cu/cmVkZGl0LmNvbS8', 'path': '  ‚Ä∫ r/electricvehicles  ‚Ä∫ are there any prototype evs with actual solid state batteries?'}, 'thumbnail': {'src': 'https://imgs.search.brave.com/yLTzeSK0AJLyxw7xvjHS6zXnd7Sjc6iJ5F4I5BFknNU/rs:fit:200:200:1:0/g:ce/aHR0cHM6Ly9zaGFy/ZS5yZWRkLml0L3By/ZXZpZXcvcG9zdC8x/bzRtNzJz', 'original': 'https://share.redd.it/preview/post/1o4m72s', 'logo': False}, 'age': 'October 12, 2025'}], 'family_friendly': True}}
[0m[2m
  üß† Good[0m[2m, I have[0m[2m several[0m[2m promising[0m[2m sources. Let me[0m[2m open the[0m[2m most relevant ones:[0m[2m
     
     1. Inside[0m[2mEVs article[0m[2m on[0m[2m current[0m[2m and future EVs[0m[2m with solid-state batteries[0m[2m
     2. ID[0m[2mTechEx research[0m[2m article on commercialization[0m[2m
     3. Solar[0m[2mTech complete[0m[2m guide
     4.[0m[2m Car[0m[2mBuzz article on[0m[2m latest solid[0m[2m-state battery developments[0m[2m
     
     Let me start with[0m[2m these and[0m[2m also[0m[2m search for more[0m[2m information[0m[2m about technical challenges and[0m[2m specific[0m[2m companies involved[0m[2m.[0m[2m{"url":"https://www.idtechex.com/en/research-article/solid-state-battery-commercialization-mass-production-taking-off/32942"}[0m[2m{"url":"https://carbuzz.com/the-latest-solid-state-battery-developments/"}[0m[2m
  üß∞ call_zjf5lyhi | OpenWebPageOpenWebPageOpenWebPage {"url":"https://insideevs.com/news/771402/every-solid-state-battery-ev/"}{"url":"https://www.idtechex.com/en/research-article/solid-state-battery-commercialization-mass-production-taking-off/32942"}{"url":"https://carbuzz.com/the-latest-solid-state-battery-developments/"}
[0m[2m
  üî† call_zjf5lyhi | Return Unknown tool name: 'OpenWebPageOpenWebPageOpenWebPage'. Available tools: 'Bash', 'AnalyzeCode', 'LS', 'Glob', 'Read', 'ReadMany', 'Write', 'WriteMany', 'Edit', 'Grep', 'AnalyzeFile', 'SearchInternet', 'OpenWebPage', 'ListZrbTasks', 'RunZrbTask', 'ActivateSkill', 'DelegateToAgent', 'ReadContextualNote', 'ReadLongTermNote', 'WriteContextualNote', 'WriteLongTermNote'
[0m[32m260215 10:03:08.199 2/3   üê∂ chat-process ‚¨§ [0m [1;31m[ERROR] Attempt 2/3 failed: status_code: 400, model_name: glm-4.7:cloud, body: {'message': 'invalid tool call arguments', 'type': 'invalid_request_error', 'param': None, 'code': None}[0m
[2m
  üß† The[0m[2m user wants a status[0m[2m update on Solid State[0m[2m Batteries for late[0m[2m 2024/[0m[2m2025. They[0m[2m need:
     1.[0m[2m Market timing[0m[2m for cars
     2[0m[2m. Major[0m[2m companies involved
     3[0m[2m. Key[0m[2m technical challenges[0m[2m
     
     This is a[0m[2m research task that requires[0m[2m web[0m[2m search[0m[2m to gather current information[0m[2m. Let[0m[2m me:[0m[2m
     1. Use[0m[2m the `[0m[2mresearch` skill to[0m[2m perform[0m[2m deep information[0m[2m gathering
     2.[0m[2m Or[0m[2m directly[0m[2m use[0m[2m `SearchInternet`[0m[2m to find relevant information[0m[2m
     
     Given[0m[2m that[0m[2m this is a straightforward[0m[2m research request[0m[2m,[0m[2m I should use the[0m[2m `research` skill[0m[2m first[0m[2m to[0m[2m get comprehensive[0m[2m coverage[0m[2m, then compile[0m[2m the findings into[0m[2m a markdown[0m[2m report.
     
     Let me[0m[2m activate the research skill[0m[2m first.[0m[2m
  üß∞ call_bn0bcg9q | ActivateSkill {'name': 'research'}
[0m[2m
  üî† call_bn0bcg9q | Return <ACTIVATED_SKILL>
     ---
     name: research
     description: Perform deep information gathering and analysis. Use when asked to find facts, compare technologies, or investigate complex topics.
     user-invocable: true
     ---
     # Skill: research
     When this skill is activated, you switch into **Analyst Mode**. Your goal is to provide a comprehensive, objective, and evidence-backed report.
     
     ## Workflow
     
     ### 1. Scope Definition
     - Identify the core questions that need answering.
     - List key terms and potential sources.
     - **CLARIFY**: If the research goal is broad, ask the user for specific areas of focus.
     
     ### 2. Information Gathering
     - **Discovery**: Use `SearchInternet` to find relevant URLs.
     - **Deep Dive**: You **MUST** use `OpenWebPage` to read the full content of source URLs. Never rely on snippets.
     - **Verification**: Cross-reference facts across multiple credible sources.
     
     ### 3. Analysis
     - Synthesize findings into a logical structure.
     - Identify patterns, trends, or conflicting information.
     - Evaluate source credibility.
     
     ### 4. Reporting
     Your report must include:
     - **Executive Summary**: Direct answer to the query.
     - **Key Findings**: Detailed, evidence-backed points.
     - **References**: A mandatory section listing all URLs and documents used.
     
     ## Research Standards
     - **Evidence-Based**: Every claim must have a corresponding source.
     - **Skeptical**: Question surface-level data.
     - **Transparent**: State what you don't know or where data is missing.
     
     **Note**: Aim for accuracy over speed. Stop only when you have enough evidence to be definitive.
     
     </ACTIVATED_SKILL>
[0m[2m
  üß† Good[0m[2m, the[0m[2m research skill is activated[0m[2m. Now I need[0m[2m to gather information about[0m[2m Solid[0m[2m State Batteries for[0m[2m late 2024[0m[2m/early[0m[2m 2025.[0m[2m Let me search for[0m[2m:[0m[2m
     
     1. Market timing[0m[2m for solid[0m[2m state batteries in[0m[2m cars
     2.[0m[2m Major companies involved in[0m[2m solid state battery development[0m[2m
     3. Technical[0m[2m challenges being solved[0m[2m
     
     I'll start with[0m[2m broad searches and then[0m[2m dive deep[0m[2m into the[0m[2m sources[0m[2m.[0m[2m{"query":"solid state battery companies Toyota QuantumScape Ford BMW 2024 2025"}[0m[2m{"query":"solid state battery technical challenges dendrites electrolyte manufacturing"}[0m[2m
  üß∞ call_ariqpjc7 | SearchInternetSearchInternetSearchInternet {"query":"solid state batteries market timeline 2024 2025 electric cars"}{"query":"solid state battery companies Toyota QuantumScape Ford BMW 2024 2025"}{"query":"solid state battery technical challenges dendrites electrolyte manufacturing"}
[0m[2m
  üî† call_ariqpjc7 | Return Unknown tool name: 'SearchInternetSearchInternetSearchInternet'. Available tools: 'Bash', 'AnalyzeCode', 'LS', 'Glob', 'Read', 'ReadMany', 'Write', 'WriteMany', 'Edit', 'Grep', 'AnalyzeFile', 'SearchInternet', 'OpenWebPage', 'ListZrbTasks', 'RunZrbTask', 'ActivateSkill', 'DelegateToAgent', 'ReadContextualNote', 'ReadLongTermNote', 'WriteContextualNote', 'WriteLongTermNote'
[0m[32m260215 10:03:17.370 3/3   üê∂ chat-process ‚¨§ [0m [1;31m[ERROR] Attempt 3/3 failed: status_code: 400, model_name: glm-4.7:cloud, body: {'message': 'invalid tool call arguments', 'type': 'invalid_request_error', 'param': None, 'code': None}[0m
[32m260215 10:03:17.370 3/3   üê∂ chat-process ‚¨§ [0m [1;31m[ERROR] Marked as permanently failed[0m
[32m260215 10:03:17.383 3/3   üê∂ chat-process ‚¨§ [0m [1;31m[ERROR] Traceback (most recent call last):
  File "/Users/gofrendigunawan/zrb/.venv/lib/python3.13/site-packages/pydantic_ai/models/openai.py", line 706, in _completions_create
    return await self.client.chat.completions.create(
           ^^^^^^^^^^^^^^^^^^^^^^^^^^^^^^^^^^^^^^^^^^
    ...<29 lines>...
    )
    ^
  File "/Users/gofrendigunawan/zrb/.venv/lib/python3.13/site-packages/openai/resources/chat/completions/completions.py", line 2676, in create
    return await self._post(
           ^^^^^^^^^^^^^^^^^
    ...<49 lines>...
    )
    ^
  File "/Users/gofrendigunawan/zrb/.venv/lib/python3.13/site-packages/openai/_base_client.py", line 1884, in post
    return await self.request(cast_to, opts, stream=stream, stream_cls=stream_cls)
           ^^^^^^^^^^^^^^^^^^^^^^^^^^^^^^^^^^^^^^^^^^^^^^^^^^^^^^^^^^^^^^^^^^^^^^^
  File "/Users/gofrendigunawan/zrb/.venv/lib/python3.13/site-packages/openai/_base_client.py", line 1669, in request
    raise self._make_status_error_from_response(err.response) from None
openai.BadRequestError: Error code: 400 - {'error': {'message': 'invalid tool call arguments', 'type': 'invalid_request_error', 'param': None, 'code': None}}

The above exception was the direct cause of the following exception:

Traceback (most recent call last):
  File "/Users/gofrendigunawan/zrb/src/zrb/task/base/execution.py", line 178, in execute_action_with_retry
    result = await run_async(task._exec_action(ctx))
             ^^^^^^^^^^^^^^^^^^^^^^^^^^^^^^^^^^^^^^^
  File "/Users/gofrendigunawan/zrb/src/zrb/util/run.py", line 19, in run_async
    return await value
           ^^^^^^^^^^^
  File "/Users/gofrendigunawan/zrb/src/zrb/llm/task/llm_task.py", line 255, in _exec_action
    output, new_history = await run_agent(
                          ^^^^^^^^^^^^^^^^
    ...<10 lines>...
    )
    ^
  File "/Users/gofrendigunawan/zrb/src/zrb/llm/agent/run_agent.py", line 189, in run_agent
    async for event in agent.run_stream_events(
    ...<11 lines>...
            await effective_event_handler(event)
  File "/Users/gofrendigunawan/zrb/.venv/lib/python3.13/site-packages/pydantic_ai/agent/abstract.py", line 974, in _run_stream_events
    result = await task
             ^^^^^^^^^^
  File "/Users/gofrendigunawan/zrb/.venv/lib/python3.13/site-packages/pydantic_ai/agent/abstract.py", line 949, in run_agent
    return await self.run(
           ^^^^^^^^^^^^^^^
    ...<15 lines>...
    )
    ^
  File "/Users/gofrendigunawan/zrb/.venv/lib/python3.13/site-packages/pydantic_ai/agent/abstract.py", line 278, in run
    async with node.stream(agent_run.ctx) as stream:
               ~~~~~~~~~~~^^^^^^^^^^^^^^^
  File "/Users/gofrendigunawan/.pyenv/versions/3.13.0/lib/python3.13/contextlib.py", line 214, in __aenter__
    return await anext(self.gen)
           ^^^^^^^^^^^^^^^^^^^^^
  File "/Users/gofrendigunawan/zrb/.venv/lib/python3.13/site-packages/pydantic_ai/_agent_graph.py", line 467, in stream
    async with ctx.deps.model.request_stream(
               ~~~~~~~~~~~~~~~~~~~~~~~~~~~~~^
        message_history, model_settings, model_request_parameters, run_context
        ^^^^^^^^^^^^^^^^^^^^^^^^^^^^^^^^^^^^^^^^^^^^^^^^^^^^^^^^^^^^^^^^^^^^^^
    ) as streamed_response:
    ^
  File "/Users/gofrendigunawan/.pyenv/versions/3.13.0/lib/python3.13/contextlib.py", line 214, in __aenter__
    return await anext(self.gen)
           ^^^^^^^^^^^^^^^^^^^^^
  File "/Users/gofrendigunawan/zrb/.venv/lib/python3.13/site-packages/pydantic_ai/models/openai.py", line 644, in request_stream
    response = await self._completions_create(messages, True, model_settings_cast, model_request_parameters)
               ^^^^^^^^^^^^^^^^^^^^^^^^^^^^^^^^^^^^^^^^^^^^^^^^^^^^^^^^^^^^^^^^^^^^^^^^^^^^^^^^^^^^^^^^^^^^^
  File "/Users/gofrendigunawan/zrb/.venv/lib/python3.13/site-packages/pydantic_ai/models/openai.py", line 741, in _completions_create
    raise ModelHTTPError(status_code=status_code, model_name=self.model_name, body=e.body) from e
pydantic_ai.exceptions.ModelHTTPError: status_code: 400, model_name: glm-4.7:cloud, body: {'message': 'invalid tool call arguments', 'type': 'invalid_request_error', 'param': None, 'code': None}
[0m
[32m260215 10:03:17.396 1/1   üê∂ chat ‚¨§ [0m [1;31m[ERROR] Attempt 1/1 failed: status_code: 400, model_name: glm-4.7:cloud, body: {'message': 'invalid tool call arguments', 'type': 'invalid_request_error', 'param': None, 'code': None}[0m
[32m260215 10:03:17.396 1/1   üê∂ chat ‚¨§ [0m [1;31m[ERROR] Marked as permanently failed[0m
[32m260215 10:03:17.405 1/1   üê∂ chat ‚¨§ [0m [1;31m[ERROR] Traceback (most recent call last):
  File "/Users/gofrendigunawan/zrb/.venv/lib/python3.13/site-packages/pydantic_ai/models/openai.py", line 706, in _completions_create
    return await self.client.chat.completions.create(
           ^^^^^^^^^^^^^^^^^^^^^^^^^^^^^^^^^^^^^^^^^^
    ...<29 lines>...
    )
    ^
  File "/Users/gofrendigunawan/zrb/.venv/lib/python3.13/site-packages/openai/resources/chat/completions/completions.py", line 2676, in create
    return await self._post(
           ^^^^^^^^^^^^^^^^^
    ...<49 lines>...
    )
    ^
  File "/Users/gofrendigunawan/zrb/.venv/lib/python3.13/site-packages/openai/_base_client.py", line 1884, in post
    return await self.request(cast_to, opts, stream=stream, stream_cls=stream_cls)
           ^^^^^^^^^^^^^^^^^^^^^^^^^^^^^^^^^^^^^^^^^^^^^^^^^^^^^^^^^^^^^^^^^^^^^^^
  File "/Users/gofrendigunawan/zrb/.venv/lib/python3.13/site-packages/openai/_base_client.py", line 1669, in request
    raise self._make_status_error_from_response(err.response) from None
openai.BadRequestError: Error code: 400 - {'error': {'message': 'invalid tool call arguments', 'type': 'invalid_request_error', 'param': None, 'code': None}}

The above exception was the direct cause of the following exception:

Traceback (most recent call last):
  File "/Users/gofrendigunawan/zrb/src/zrb/task/base/execution.py", line 178, in execute_action_with_retry
    result = await run_async(task._exec_action(ctx))
             ^^^^^^^^^^^^^^^^^^^^^^^^^^^^^^^^^^^^^^^
  File "/Users/gofrendigunawan/zrb/src/zrb/util/run.py", line 19, in run_async
    return await value
           ^^^^^^^^^^^
  File "/Users/gofrendigunawan/zrb/src/zrb/llm/task/llm_chat_task.py", line 379, in _exec_action
    return await self._run_non_interactive_session(
           ^^^^^^^^^^^^^^^^^^^^^^^^^^^^^^^^^^^^^^^^
    ...<6 lines>...
    )
    ^
  File "/Users/gofrendigunawan/zrb/src/zrb/llm/task/llm_chat_task.py", line 579, in _run_non_interactive_session
    return await llm_task_core.async_run(session)
           ^^^^^^^^^^^^^^^^^^^^^^^^^^^^^^^^^^^^^^
  File "/Users/gofrendigunawan/zrb/src/zrb/task/base_task.py", line 245, in async_run
    return await run_task_async(
           ^^^^^^^^^^^^^^^^^^^^^
    ...<5 lines>...
    )
    ^
  File "/Users/gofrendigunawan/zrb/src/zrb/task/base/lifecycle.py", line 91, in run_task_async
    result = await task.exec_root_tasks(session)
             ^^^^^^^^^^^^^^^^^^^^^^^^^^^^^^^^^^^
  File "/Users/gofrendigunawan/zrb/src/zrb/task/base_task.py", line 254, in exec_root_tasks
    return await execute_root_tasks(self, session)
           ^^^^^^^^^^^^^^^^^^^^^^^^^^^^^^^^^^^^^^^
  File "/Users/gofrendigunawan/zrb/src/zrb/task/base/lifecycle.py", line 129, in execute_root_tasks
    await asyncio.gather(*root_task_coros)
  File "/Users/gofrendigunawan/zrb/src/zrb/util/run.py", line 19, in run_async
    return await value
           ^^^^^^^^^^^
  File "/Users/gofrendigunawan/zrb/src/zrb/task/base_task.py", line 257, in exec_chain
    return await execute_task_chain(self, session)
           ^^^^^^^^^^^^^^^^^^^^^^^^^^^^^^^^^^^^^^^
  File "/Users/gofrendigunawan/zrb/src/zrb/task/base/execution.py", line 21, in execute_task_chain
    result = await execute_task_action(task, session)
             ^^^^^^^^^^^^^^^^^^^^^^^^^^^^^^^^^^^^^^^^
  File "/Users/gofrendigunawan/zrb/src/zrb/task/base/execution.py", line 53, in execute_task_action
    return await run_async(execute_action_until_ready(task, session))
           ^^^^^^^^^^^^^^^^^^^^^^^^^^^^^^^^^^^^^^^^^^^^^^^^^^^^^^^^^^
  File "/Users/gofrendigunawan/zrb/src/zrb/util/run.py", line 19, in run_async
    return await value
           ^^^^^^^^^^^
  File "/Users/gofrendigunawan/zrb/src/zrb/task/base/execution.py", line 85, in execute_action_until_ready
    result = await run_async(execute_action_with_retry(task, session))
             ^^^^^^^^^^^^^^^^^^^^^^^^^^^^^^^^^^^^^^^^^^^^^^^^^^^^^^^^^
  File "/Users/gofrendigunawan/zrb/src/zrb/util/run.py", line 19, in run_async
    return await value
           ^^^^^^^^^^^
  File "/Users/gofrendigunawan/zrb/src/zrb/task/base/execution.py", line 215, in execute_action_with_retry
    raise e  # Re-raise the exception after handling fallbacks
    ^^^^^^^
  File "/Users/gofrendigunawan/zrb/src/zrb/task/base/execution.py", line 178, in execute_action_with_retry
    result = await run_async(task._exec_action(ctx))
             ^^^^^^^^^^^^^^^^^^^^^^^^^^^^^^^^^^^^^^^
  File "/Users/gofrendigunawan/zrb/src/zrb/util/run.py", line 19, in run_async
    return await value
           ^^^^^^^^^^^
  File "/Users/gofrendigunawan/zrb/src/zrb/llm/task/llm_task.py", line 255, in _exec_action
    output, new_history = await run_agent(
                          ^^^^^^^^^^^^^^^^
    ...<10 lines>...
    )
    ^
  File "/Users/gofrendigunawan/zrb/src/zrb/llm/agent/run_agent.py", line 189, in run_agent
    async for event in agent.run_stream_events(
    ...<11 lines>...
            await effective_event_handler(event)
  File "/Users/gofrendigunawan/zrb/.venv/lib/python3.13/site-packages/pydantic_ai/agent/abstract.py", line 974, in _run_stream_events
    result = await task
             ^^^^^^^^^^
  File "/Users/gofrendigunawan/zrb/.venv/lib/python3.13/site-packages/pydantic_ai/agent/abstract.py", line 949, in run_agent
    return await self.run(
           ^^^^^^^^^^^^^^^
    ...<15 lines>...
    )
    ^
  File "/Users/gofrendigunawan/zrb/.venv/lib/python3.13/site-packages/pydantic_ai/agent/abstract.py", line 278, in run
    async with node.stream(agent_run.ctx) as stream:
               ~~~~~~~~~~~^^^^^^^^^^^^^^^
  File "/Users/gofrendigunawan/.pyenv/versions/3.13.0/lib/python3.13/contextlib.py", line 214, in __aenter__
    return await anext(self.gen)
           ^^^^^^^^^^^^^^^^^^^^^
  File "/Users/gofrendigunawan/zrb/.venv/lib/python3.13/site-packages/pydantic_ai/_agent_graph.py", line 467, in stream
    async with ctx.deps.model.request_stream(
               ~~~~~~~~~~~~~~~~~~~~~~~~~~~~~^
        message_history, model_settings, model_request_parameters, run_context
        ^^^^^^^^^^^^^^^^^^^^^^^^^^^^^^^^^^^^^^^^^^^^^^^^^^^^^^^^^^^^^^^^^^^^^^
    ) as streamed_response:
    ^
  File "/Users/gofrendigunawan/.pyenv/versions/3.13.0/lib/python3.13/contextlib.py", line 214, in __aenter__
    return await anext(self.gen)
           ^^^^^^^^^^^^^^^^^^^^^
  File "/Users/gofrendigunawan/zrb/.venv/lib/python3.13/site-packages/pydantic_ai/models/openai.py", line 644, in request_stream
    response = await self._completions_create(messages, True, model_settings_cast, model_request_parameters)
               ^^^^^^^^^^^^^^^^^^^^^^^^^^^^^^^^^^^^^^^^^^^^^^^^^^^^^^^^^^^^^^^^^^^^^^^^^^^^^^^^^^^^^^^^^^^^^
  File "/Users/gofrendigunawan/zrb/.venv/lib/python3.13/site-packages/pydantic_ai/models/openai.py", line 741, in _completions_create
    raise ModelHTTPError(status_code=status_code, model_name=self.model_name, body=e.body) from e
pydantic_ai.exceptions.ModelHTTPError: status_code: 400, model_name: glm-4.7:cloud, body: {'message': 'invalid tool call arguments', 'type': 'invalid_request_error', 'param': None, 'code': None}
[0m
[2mTo run again:[0m [1;33mzrb chat --message "Give me a status update on Solid State Batteries for late 2024/2025. 

I need to know:
1. When are they actually hitting the market (cars)?
2. Who are the big companies involved?
3. What are the main technical problems they are still trying to solve?

Save it as `solid_state_battery_report.md`." --model ollama:glm-4.7:cloud --session "" --yolo true --attach "" --interactive false[0m
Traceback (most recent call last):
  File "/Users/gofrendigunawan/zrb/.venv/lib/python3.13/site-packages/pydantic_ai/models/openai.py", line 706, in _completions_create
    return await self.client.chat.completions.create(
           ^^^^^^^^^^^^^^^^^^^^^^^^^^^^^^^^^^^^^^^^^^
    ...<29 lines>...
    )
    ^
  File "/Users/gofrendigunawan/zrb/.venv/lib/python3.13/site-packages/openai/resources/chat/completions/completions.py", line 2676, in create
    return await self._post(
           ^^^^^^^^^^^^^^^^^
    ...<49 lines>...
    )
    ^
  File "/Users/gofrendigunawan/zrb/.venv/lib/python3.13/site-packages/openai/_base_client.py", line 1884, in post
    return await self.request(cast_to, opts, stream=stream, stream_cls=stream_cls)
           ^^^^^^^^^^^^^^^^^^^^^^^^^^^^^^^^^^^^^^^^^^^^^^^^^^^^^^^^^^^^^^^^^^^^^^^
  File "/Users/gofrendigunawan/zrb/.venv/lib/python3.13/site-packages/openai/_base_client.py", line 1669, in request
    raise self._make_status_error_from_response(err.response) from None
openai.BadRequestError: Error code: 400 - {'error': {'message': 'invalid tool call arguments', 'type': 'invalid_request_error', 'param': None, 'code': None}}

The above exception was the direct cause of the following exception:

Traceback (most recent call last):
  File "/Users/gofrendigunawan/zrb/.venv/bin/zrb", line 6, in <module>
    sys.exit(serve_cli())
             ~~~~~~~~~^^
  File "/Users/gofrendigunawan/zrb/src/zrb/__main__.py", line 68, in serve_cli
    raise e
  File "/Users/gofrendigunawan/zrb/src/zrb/__main__.py", line 61, in serve_cli
    cli.run(sys.argv[1:])
    ~~~~~~~^^^^^^^^^^^^^^
  File "/Users/gofrendigunawan/zrb/src/zrb/runner/cli.py", line 54, in run
    result = self._run_task(node, str_args, task_str_kwargs)
  File "/Users/gofrendigunawan/zrb/src/zrb/runner/cli.py", line 89, in _run_task
    return task.run(
           ~~~~~~~~^
        Session(shared_ctx=shared_ctx, root_group=self), str_kwargs=run_kwargs
        ^^^^^^^^^^^^^^^^^^^^^^^^^^^^^^^^^^^^^^^^^^^^^^^^^^^^^^^^^^^^^^^^^^^^^^
    )
    ^
  File "/Users/gofrendigunawan/zrb/src/zrb/task/base_task.py", line 229, in run
    return asyncio.run(
           ~~~~~~~~~~~^
        run_and_cleanup(
        ^^^^^^^^^^^^^^^^
    ...<5 lines>...
        )
        ^
    )
    ^
  File "/Users/gofrendigunawan/.pyenv/versions/3.13.0/lib/python3.13/asyncio/runners.py", line 194, in run
    return runner.run(main)
           ~~~~~~~~~~^^^^^^
  File "/Users/gofrendigunawan/.pyenv/versions/3.13.0/lib/python3.13/asyncio/runners.py", line 118, in run
    return self._loop.run_until_complete(task)
           ~~~~~~~~~~~~~~~~~~~~~~~~~~~~~^^^^^^
  File "/Users/gofrendigunawan/.pyenv/versions/3.13.0/lib/python3.13/asyncio/base_events.py", line 721, in run_until_complete
    return future.result()
           ~~~~~~~~~~~~~^^
  File "/Users/gofrendigunawan/zrb/src/zrb/task/base/lifecycle.py", line 34, in run_and_cleanup
    result = await main_task_coro
             ^^^^^^^^^^^^^^^^^^^^
  File "/Users/gofrendigunawan/zrb/src/zrb/task/base/lifecycle.py", line 91, in run_task_async
    result = await task.exec_root_tasks(session)
             ^^^^^^^^^^^^^^^^^^^^^^^^^^^^^^^^^^^
  File "/Users/gofrendigunawan/zrb/src/zrb/task/base_task.py", line 254, in exec_root_tasks
    return await execute_root_tasks(self, session)
           ^^^^^^^^^^^^^^^^^^^^^^^^^^^^^^^^^^^^^^^
  File "/Users/gofrendigunawan/zrb/src/zrb/task/base/lifecycle.py", line 129, in execute_root_tasks
    await asyncio.gather(*root_task_coros)
  File "/Users/gofrendigunawan/zrb/src/zrb/util/run.py", line 19, in run_async
    return await value
           ^^^^^^^^^^^
  File "/Users/gofrendigunawan/zrb/src/zrb/task/base_task.py", line 257, in exec_chain
    return await execute_task_chain(self, session)
           ^^^^^^^^^^^^^^^^^^^^^^^^^^^^^^^^^^^^^^^
  File "/Users/gofrendigunawan/zrb/src/zrb/task/base/execution.py", line 21, in execute_task_chain
    result = await execute_task_action(task, session)
             ^^^^^^^^^^^^^^^^^^^^^^^^^^^^^^^^^^^^^^^^
  File "/Users/gofrendigunawan/zrb/src/zrb/task/base/execution.py", line 53, in execute_task_action
    return await run_async(execute_action_until_ready(task, session))
           ^^^^^^^^^^^^^^^^^^^^^^^^^^^^^^^^^^^^^^^^^^^^^^^^^^^^^^^^^^
  File "/Users/gofrendigunawan/zrb/src/zrb/util/run.py", line 19, in run_async
    return await value
           ^^^^^^^^^^^
  File "/Users/gofrendigunawan/zrb/src/zrb/task/base/execution.py", line 85, in execute_action_until_ready
    result = await run_async(execute_action_with_retry(task, session))
             ^^^^^^^^^^^^^^^^^^^^^^^^^^^^^^^^^^^^^^^^^^^^^^^^^^^^^^^^^
  File "/Users/gofrendigunawan/zrb/src/zrb/util/run.py", line 19, in run_async
    return await value
           ^^^^^^^^^^^
  File "/Users/gofrendigunawan/zrb/src/zrb/task/base/execution.py", line 215, in execute_action_with_retry
    raise e  # Re-raise the exception after handling fallbacks
    ^^^^^^^
  File "/Users/gofrendigunawan/zrb/src/zrb/task/base/execution.py", line 178, in execute_action_with_retry
    result = await run_async(task._exec_action(ctx))
             ^^^^^^^^^^^^^^^^^^^^^^^^^^^^^^^^^^^^^^^
  File "/Users/gofrendigunawan/zrb/src/zrb/util/run.py", line 19, in run_async
    return await value
           ^^^^^^^^^^^
  File "/Users/gofrendigunawan/zrb/src/zrb/llm/task/llm_chat_task.py", line 379, in _exec_action
    return await self._run_non_interactive_session(
           ^^^^^^^^^^^^^^^^^^^^^^^^^^^^^^^^^^^^^^^^
    ...<6 lines>...
    )
    ^
  File "/Users/gofrendigunawan/zrb/src/zrb/llm/task/llm_chat_task.py", line 579, in _run_non_interactive_session
    return await llm_task_core.async_run(session)
           ^^^^^^^^^^^^^^^^^^^^^^^^^^^^^^^^^^^^^^
  File "/Users/gofrendigunawan/zrb/src/zrb/task/base_task.py", line 245, in async_run
    return await run_task_async(
           ^^^^^^^^^^^^^^^^^^^^^
    ...<5 lines>...
    )
    ^
  File "/Users/gofrendigunawan/zrb/src/zrb/task/base/lifecycle.py", line 91, in run_task_async
    result = await task.exec_root_tasks(session)
             ^^^^^^^^^^^^^^^^^^^^^^^^^^^^^^^^^^^
  File "/Users/gofrendigunawan/zrb/src/zrb/task/base_task.py", line 254, in exec_root_tasks
    return await execute_root_tasks(self, session)
           ^^^^^^^^^^^^^^^^^^^^^^^^^^^^^^^^^^^^^^^
  File "/Users/gofrendigunawan/zrb/src/zrb/task/base/lifecycle.py", line 129, in execute_root_tasks
    await asyncio.gather(*root_task_coros)
  File "/Users/gofrendigunawan/zrb/src/zrb/util/run.py", line 19, in run_async
    return await value
           ^^^^^^^^^^^
  File "/Users/gofrendigunawan/zrb/src/zrb/task/base_task.py", line 257, in exec_chain
    return await execute_task_chain(self, session)
           ^^^^^^^^^^^^^^^^^^^^^^^^^^^^^^^^^^^^^^^
  File "/Users/gofrendigunawan/zrb/src/zrb/task/base/execution.py", line 21, in execute_task_chain
    result = await execute_task_action(task, session)
             ^^^^^^^^^^^^^^^^^^^^^^^^^^^^^^^^^^^^^^^^
  File "/Users/gofrendigunawan/zrb/src/zrb/task/base/execution.py", line 53, in execute_task_action
    return await run_async(execute_action_until_ready(task, session))
           ^^^^^^^^^^^^^^^^^^^^^^^^^^^^^^^^^^^^^^^^^^^^^^^^^^^^^^^^^^
  File "/Users/gofrendigunawan/zrb/src/zrb/util/run.py", line 19, in run_async
    return await value
           ^^^^^^^^^^^
  File "/Users/gofrendigunawan/zrb/src/zrb/task/base/execution.py", line 85, in execute_action_until_ready
    result = await run_async(execute_action_with_retry(task, session))
             ^^^^^^^^^^^^^^^^^^^^^^^^^^^^^^^^^^^^^^^^^^^^^^^^^^^^^^^^^
  File "/Users/gofrendigunawan/zrb/src/zrb/util/run.py", line 19, in run_async
    return await value
           ^^^^^^^^^^^
  File "/Users/gofrendigunawan/zrb/src/zrb/task/base/execution.py", line 215, in execute_action_with_retry
    raise e  # Re-raise the exception after handling fallbacks
    ^^^^^^^
  File "/Users/gofrendigunawan/zrb/src/zrb/task/base/execution.py", line 178, in execute_action_with_retry
    result = await run_async(task._exec_action(ctx))
             ^^^^^^^^^^^^^^^^^^^^^^^^^^^^^^^^^^^^^^^
  File "/Users/gofrendigunawan/zrb/src/zrb/util/run.py", line 19, in run_async
    return await value
           ^^^^^^^^^^^
  File "/Users/gofrendigunawan/zrb/src/zrb/llm/task/llm_task.py", line 255, in _exec_action
    output, new_history = await run_agent(
                          ^^^^^^^^^^^^^^^^
    ...<10 lines>...
    )
    ^
  File "/Users/gofrendigunawan/zrb/src/zrb/llm/agent/run_agent.py", line 189, in run_agent
    async for event in agent.run_stream_events(
    ...<11 lines>...
            await effective_event_handler(event)
  File "/Users/gofrendigunawan/zrb/.venv/lib/python3.13/site-packages/pydantic_ai/agent/abstract.py", line 974, in _run_stream_events
    result = await task
             ^^^^^^^^^^
  File "/Users/gofrendigunawan/zrb/.venv/lib/python3.13/site-packages/pydantic_ai/agent/abstract.py", line 949, in run_agent
    return await self.run(
           ^^^^^^^^^^^^^^^
    ...<15 lines>...
    )
    ^
  File "/Users/gofrendigunawan/zrb/.venv/lib/python3.13/site-packages/pydantic_ai/agent/abstract.py", line 278, in run
    async with node.stream(agent_run.ctx) as stream:
               ~~~~~~~~~~~^^^^^^^^^^^^^^^
  File "/Users/gofrendigunawan/.pyenv/versions/3.13.0/lib/python3.13/contextlib.py", line 214, in __aenter__
    return await anext(self.gen)
           ^^^^^^^^^^^^^^^^^^^^^
  File "/Users/gofrendigunawan/zrb/.venv/lib/python3.13/site-packages/pydantic_ai/_agent_graph.py", line 467, in stream
    async with ctx.deps.model.request_stream(
               ~~~~~~~~~~~~~~~~~~~~~~~~~~~~~^
        message_history, model_settings, model_request_parameters, run_context
        ^^^^^^^^^^^^^^^^^^^^^^^^^^^^^^^^^^^^^^^^^^^^^^^^^^^^^^^^^^^^^^^^^^^^^^
    ) as streamed_response:
    ^
  File "/Users/gofrendigunawan/.pyenv/versions/3.13.0/lib/python3.13/contextlib.py", line 214, in __aenter__
    return await anext(self.gen)
           ^^^^^^^^^^^^^^^^^^^^^
  File "/Users/gofrendigunawan/zrb/.venv/lib/python3.13/site-packages/pydantic_ai/models/openai.py", line 644, in request_stream
    response = await self._completions_create(messages, True, model_settings_cast, model_request_parameters)
               ^^^^^^^^^^^^^^^^^^^^^^^^^^^^^^^^^^^^^^^^^^^^^^^^^^^^^^^^^^^^^^^^^^^^^^^^^^^^^^^^^^^^^^^^^^^^^
  File "/Users/gofrendigunawan/zrb/.venv/lib/python3.13/site-packages/pydantic_ai/models/openai.py", line 741, in _completions_create
    raise ModelHTTPError(status_code=status_code, model_name=self.model_name, body=e.body) from e
pydantic_ai.exceptions.ModelHTTPError: status_code: 400, model_name: glm-4.7:cloud, body: {'message': 'invalid tool call arguments', 'type': 'invalid_request_error', 'param': None, 'code': None}
